[  0%] Built target ament_cmake_python_symlink_avis
[100%] Built target control
running egg_info
writing avis.egg-info/PKG-INFO
writing dependency_links to avis.egg-info/dependency_links.txt
writing top-level names to avis.egg-info/top_level.txt
reading manifest file 'avis.egg-info/SOURCES.txt'
writing manifest file 'avis.egg-info/SOURCES.txt'
[100%] Built target ament_cmake_python_build_avis_egg
-- Install configuration: ""
-- Execute custom install script
-- Up-to-date symlink: /home/amir/AVIS/install/avis/lib/avis/control
-- Up-to-date symlink: /home/amir/AVIS/install/avis/share/avis/environment/pythonpath.sh
-- Up-to-date symlink: /home/amir/AVIS/install/avis/share/avis/environment/pythonpath.dsv
-- Up-to-date symlink: /home/amir/AVIS/install/avis/local/lib/python3.10/dist-packages/avis-0.0.0-py3.10.egg-info/PKG-INFO
-- Up-to-date symlink: /home/amir/AVIS/install/avis/local/lib/python3.10/dist-packages/avis-0.0.0-py3.10.egg-info/SOURCES.txt
-- Up-to-date symlink: /home/amir/AVIS/install/avis/local/lib/python3.10/dist-packages/avis-0.0.0-py3.10.egg-info/dependency_links.txt
-- Up-to-date symlink: /home/amir/AVIS/install/avis/local/lib/python3.10/dist-packages/avis-0.0.0-py3.10.egg-info/top_level.txt
-- Up-to-date symlink: /home/amir/AVIS/install/avis/local/lib/python3.10/dist-packages/avis/__init__.py
-- Up-to-date symlink: /home/amir/AVIS/install/avis/local/lib/python3.10/dist-packages/avis/avisengine.py
-- Up-to-date symlink: /home/amir/AVIS/install/avis/local/lib/python3.10/dist-packages/avis/config.py
-- Up-to-date symlink: /home/amir/AVIS/install/avis/local/lib/python3.10/dist-packages/avis/utils.py
-- Up-to-date symlink: /home/amir/AVIS/install/avis/local/lib/python3.10/dist-packages/avis/yegane.py
-- Up-to-date symlink: /home/amir/AVIS/install/avis/lib/avis/line.py
-- Up-to-date symlink: /home/amir/AVIS/install/avis/lib/avis/simulator.py
-- Up-to-date symlink: /home/amir/AVIS/install/avis/share/avis//launch/avis-launch.py
-- Up-to-date symlink: /home/amir/AVIS/install/avis/share/ament_index/resource_index/package_run_dependencies/avis
-- Up-to-date symlink: /home/amir/AVIS/install/avis/share/ament_index/resource_index/parent_prefix_path/avis
-- Up-to-date symlink: /home/amir/AVIS/install/avis/share/avis/environment/ament_prefix_path.sh
-- Up-to-date symlink: /home/amir/AVIS/install/avis/share/avis/environment/ament_prefix_path.dsv
-- Up-to-date symlink: /home/amir/AVIS/install/avis/share/avis/environment/path.sh
-- Up-to-date symlink: /home/amir/AVIS/install/avis/share/avis/environment/path.dsv
-- Up-to-date symlink: /home/amir/AVIS/install/avis/share/avis/local_setup.bash
-- Up-to-date symlink: /home/amir/AVIS/install/avis/share/avis/local_setup.sh
-- Up-to-date symlink: /home/amir/AVIS/install/avis/share/avis/local_setup.zsh
-- Up-to-date symlink: /home/amir/AVIS/install/avis/share/avis/local_setup.dsv
-- Symlinking: /home/amir/AVIS/install/avis/share/avis/package.dsv
-- Up-to-date symlink: /home/amir/AVIS/install/avis/share/ament_index/resource_index/packages/avis
-- Up-to-date symlink: /home/amir/AVIS/install/avis/share/avis/cmake/avisConfig.cmake
-- Up-to-date symlink: /home/amir/AVIS/install/avis/share/avis/cmake/avisConfig-version.cmake
-- Up-to-date symlink: /home/amir/AVIS/install/avis/share/avis/package.xml
Listing '/home/amir/AVIS/install/avis/local/lib/python3.10/dist-packages/avis'...
