[0.026s] Invoking command in '/home/amir/AVIS/build/avis': CMAKE_PREFIX_PATH=${CMAKE_PREFIX_PATH}:/opt/ros/humble /usr/bin/cmake --build /home/amir/AVIS/build/avis -- -j8 -l8
[0.138s] [  0%] Built target ament_cmake_python_symlink_avis
[0.143s] [100%] Built target control
[0.765s] running egg_info
[0.766s] writing avis.egg-info/PKG-INFO
[0.767s] writing dependency_links to avis.egg-info/dependency_links.txt
[0.767s] writing top-level names to avis.egg-info/top_level.txt
[0.772s] reading manifest file 'avis.egg-info/SOURCES.txt'
[0.773s] writing manifest file 'avis.egg-info/SOURCES.txt'
[0.829s] [100%] Built target ament_cmake_python_build_avis_egg
[0.851s] Invoked command in '/home/amir/AVIS/build/avis' returned '0': CMAKE_PREFIX_PATH=${CMAKE_PREFIX_PATH}:/opt/ros/humble /usr/bin/cmake --build /home/amir/AVIS/build/avis -- -j8 -l8
[0.869s] Invoking command in '/home/amir/AVIS/build/avis': CMAKE_PREFIX_PATH=${CMAKE_PREFIX_PATH}:/opt/ros/humble /usr/bin/cmake --install /home/amir/AVIS/build/avis
[0.883s] -- Install configuration: ""
[0.884s] -- Execute custom install script
[0.885s] -- Up-to-date symlink: /home/amir/AVIS/install/avis/lib/avis/control
[0.885s] -- Up-to-date symlink: /home/amir/AVIS/install/avis/share/avis/environment/pythonpath.sh
[0.886s] -- Up-to-date symlink: /home/amir/AVIS/install/avis/share/avis/environment/pythonpath.dsv
[0.887s] -- Up-to-date symlink: /home/amir/AVIS/install/avis/local/lib/python3.10/dist-packages/avis-0.0.0-py3.10.egg-info/PKG-INFO
[0.887s] -- Up-to-date symlink: /home/amir/AVIS/install/avis/local/lib/python3.10/dist-packages/avis-0.0.0-py3.10.egg-info/SOURCES.txt
[0.888s] -- Up-to-date symlink: /home/amir/AVIS/install/avis/local/lib/python3.10/dist-packages/avis-0.0.0-py3.10.egg-info/dependency_links.txt
[0.888s] -- Up-to-date symlink: /home/amir/AVIS/install/avis/local/lib/python3.10/dist-packages/avis-0.0.0-py3.10.egg-info/top_level.txt
[0.889s] -- Up-to-date symlink: /home/amir/AVIS/install/avis/local/lib/python3.10/dist-packages/avis/__init__.py
[0.889s] -- Up-to-date symlink: /home/amir/AVIS/install/avis/local/lib/python3.10/dist-packages/avis/avisengine.py
[0.889s] -- Up-to-date symlink: /home/amir/AVIS/install/avis/local/lib/python3.10/dist-packages/avis/config.py
[0.890s] -- Up-to-date symlink: /home/amir/AVIS/install/avis/local/lib/python3.10/dist-packages/avis/utils.py
[0.890s] -- Up-to-date symlink: /home/amir/AVIS/install/avis/local/lib/python3.10/dist-packages/avis/yegane.py
[0.890s] -- Up-to-date symlink: /home/amir/AVIS/install/avis/lib/avis/line.py
[0.891s] -- Up-to-date symlink: /home/amir/AVIS/install/avis/lib/avis/simulator.py
[0.891s] -- Up-to-date symlink: /home/amir/AVIS/install/avis/share/avis//launch/avis-launch.py
[0.892s] -- Up-to-date symlink: /home/amir/AVIS/install/avis/share/ament_index/resource_index/package_run_dependencies/avis
[0.892s] -- Up-to-date symlink: /home/amir/AVIS/install/avis/share/ament_index/resource_index/parent_prefix_path/avis
[0.893s] -- Up-to-date symlink: /home/amir/AVIS/install/avis/share/avis/environment/ament_prefix_path.sh
[0.893s] -- Up-to-date symlink: /home/amir/AVIS/install/avis/share/avis/environment/ament_prefix_path.dsv
[0.894s] -- Up-to-date symlink: /home/amir/AVIS/install/avis/share/avis/environment/path.sh
[0.894s] -- Up-to-date symlink: /home/amir/AVIS/install/avis/share/avis/environment/path.dsv
[0.894s] -- Up-to-date symlink: /home/amir/AVIS/install/avis/share/avis/local_setup.bash
[0.895s] -- Up-to-date symlink: /home/amir/AVIS/install/avis/share/avis/local_setup.sh
[0.895s] -- Up-to-date symlink: /home/amir/AVIS/install/avis/share/avis/local_setup.zsh
[0.896s] -- Up-to-date symlink: /home/amir/AVIS/install/avis/share/avis/local_setup.dsv
[0.896s] -- Symlinking: /home/amir/AVIS/install/avis/share/avis/package.dsv
[0.912s] -- Up-to-date symlink: /home/amir/AVIS/install/avis/share/ament_index/resource_index/packages/avis
[0.912s] -- Up-to-date symlink: /home/amir/AVIS/install/avis/share/avis/cmake/avisConfig.cmake
[0.913s] -- Up-to-date symlink: /home/amir/AVIS/install/avis/share/avis/cmake/avisConfig-version.cmake
[0.913s] -- Up-to-date symlink: /home/amir/AVIS/install/avis/share/avis/package.xml
[0.982s] Listing '/home/amir/AVIS/install/avis/local/lib/python3.10/dist-packages/avis'...
[0.997s] Invoked command in '/home/amir/AVIS/build/avis' returned '0': CMAKE_PREFIX_PATH=${CMAKE_PREFIX_PATH}:/opt/ros/humble /usr/bin/cmake --install /home/amir/AVIS/build/avis
