[0.226s] DEBUG:colcon:Command line arguments: ['/usr/bin/colcon', 'build']
[0.226s] DEBUG:colcon:Parsed command line arguments: Namespace(log_base=None, log_level=None, verb_name='build', build_base='build', install_base='install', merge_install=False, symlink_install=False, test_result_base=None, continue_on_error=False, executor='parallel', parallel_workers=8, event_handlers=None, ignore_user_meta=False, metas=['./colcon.meta'], base_paths=['.'], packages_ignore=None, packages_ignore_regex=None, paths=None, packages_up_to=None, packages_up_to_regex=None, packages_above=None, packages_above_and_dependencies=None, packages_above_depth=None, packages_select_by_dep=None, packages_skip_by_dep=None, packages_skip_up_to=None, packages_select_build_failed=False, packages_skip_build_finished=False, packages_select_test_failures=False, packages_skip_test_passed=False, packages_select=None, packages_skip=None, packages_select_regex=None, packages_skip_regex=None, packages_start=None, packages_end=None, allow_overriding=[], cmake_args=None, cmake_target=None, cmake_target_skip_unavailable=False, cmake_clean_cache=False, cmake_clean_first=False, cmake_force_configure=False, ament_cmake_args=None, catkin_cmake_args=None, catkin_skip_building_tests=False, mixin_files=None, mixin=None, verb_parser=<colcon_mixin.mixin.mixin_argument.MixinArgumentDecorator object at 0x735f7af632e0>, verb_extension=<colcon_core.verb.build.BuildVerb object at 0x735f7af62c50>, main=<bound method BuildVerb.main of <colcon_core.verb.build.BuildVerb object at 0x735f7af62c50>>, mixin_verb=('build',))
[0.657s] Level 1:colcon.colcon_core.package_discovery:discover_packages(colcon_meta) check parameters
[0.657s] Level 1:colcon.colcon_core.package_discovery:discover_packages(recursive) check parameters
[0.658s] Level 1:colcon.colcon_core.package_discovery:discover_packages(ignore) check parameters
[0.658s] Level 1:colcon.colcon_core.package_discovery:discover_packages(path) check parameters
[0.658s] Level 1:colcon.colcon_core.package_discovery:discover_packages(colcon_meta) discover
[0.658s] Level 1:colcon.colcon_core.package_discovery:discover_packages(recursive) discover
[0.658s] INFO:colcon.colcon_core.package_discovery:Crawling recursively for packages in '/home/amir/AVIS'
[0.658s] Level 1:colcon.colcon_core.package_identification:_identify(.) by extensions ['ignore', 'ignore_ament_install']
[0.659s] Level 1:colcon.colcon_core.package_identification:_identify(.) by extension 'ignore'
[0.659s] Level 1:colcon.colcon_core.package_identification:_identify(.) by extension 'ignore_ament_install'
[0.659s] Level 1:colcon.colcon_core.package_identification:_identify(.) by extensions ['colcon_pkg']
[0.659s] Level 1:colcon.colcon_core.package_identification:_identify(.) by extension 'colcon_pkg'
[0.659s] Level 1:colcon.colcon_core.package_identification:_identify(.) by extensions ['colcon_meta']
[0.659s] Level 1:colcon.colcon_core.package_identification:_identify(.) by extension 'colcon_meta'
[0.659s] Level 1:colcon.colcon_core.package_identification:_identify(.) by extensions ['ros']
[0.659s] Level 1:colcon.colcon_core.package_identification:_identify(.) by extension 'ros'
[0.717s] Level 1:colcon.colcon_core.package_identification:_identify(.) by extensions ['cmake', 'python']
[0.718s] Level 1:colcon.colcon_core.package_identification:_identify(.) by extension 'cmake'
[0.718s] Level 1:colcon.colcon_core.package_identification:_identify(.) by extension 'python'
[0.718s] Level 1:colcon.colcon_core.package_identification:_identify(.) by extensions ['python_setup_py']
[0.718s] Level 1:colcon.colcon_core.package_identification:_identify(.) by extension 'python_setup_py'
[0.718s] Level 1:colcon.colcon_core.package_identification:_identify(build) by extensions ['ignore', 'ignore_ament_install']
[0.718s] Level 1:colcon.colcon_core.package_identification:_identify(build) by extension 'ignore'
[0.718s] Level 1:colcon.colcon_core.package_identification:_identify(build) ignored
[0.719s] Level 1:colcon.colcon_core.package_identification:_identify(install) by extensions ['ignore', 'ignore_ament_install']
[0.719s] Level 1:colcon.colcon_core.package_identification:_identify(install) by extension 'ignore'
[0.719s] Level 1:colcon.colcon_core.package_identification:_identify(install) ignored
[0.719s] Level 1:colcon.colcon_core.package_identification:_identify(log) by extensions ['ignore', 'ignore_ament_install']
[0.719s] Level 1:colcon.colcon_core.package_identification:_identify(log) by extension 'ignore'
[0.719s] Level 1:colcon.colcon_core.package_identification:_identify(log) ignored
[0.720s] Level 1:colcon.colcon_core.package_identification:_identify(src) by extensions ['ignore', 'ignore_ament_install']
[0.720s] Level 1:colcon.colcon_core.package_identification:_identify(src) by extension 'ignore'
[0.720s] Level 1:colcon.colcon_core.package_identification:_identify(src) by extension 'ignore_ament_install'
[0.720s] Level 1:colcon.colcon_core.package_identification:_identify(src) by extensions ['colcon_pkg']
[0.720s] Level 1:colcon.colcon_core.package_identification:_identify(src) by extension 'colcon_pkg'
[0.720s] Level 1:colcon.colcon_core.package_identification:_identify(src) by extensions ['colcon_meta']
[0.720s] Level 1:colcon.colcon_core.package_identification:_identify(src) by extension 'colcon_meta'
[0.720s] Level 1:colcon.colcon_core.package_identification:_identify(src) by extensions ['ros']
[0.720s] Level 1:colcon.colcon_core.package_identification:_identify(src) by extension 'ros'
[0.720s] Level 1:colcon.colcon_core.package_identification:_identify(src) by extensions ['cmake', 'python']
[0.721s] Level 1:colcon.colcon_core.package_identification:_identify(src) by extension 'cmake'
[0.721s] Level 1:colcon.colcon_core.package_identification:_identify(src) by extension 'python'
[0.721s] Level 1:colcon.colcon_core.package_identification:_identify(src) by extensions ['python_setup_py']
[0.721s] Level 1:colcon.colcon_core.package_identification:_identify(src) by extension 'python_setup_py'
[0.721s] Level 1:colcon.colcon_core.package_identification:_identify(src/avis) by extensions ['ignore', 'ignore_ament_install']
[0.721s] Level 1:colcon.colcon_core.package_identification:_identify(src/avis) by extension 'ignore'
[0.721s] Level 1:colcon.colcon_core.package_identification:_identify(src/avis) by extension 'ignore_ament_install'
[0.722s] Level 1:colcon.colcon_core.package_identification:_identify(src/avis) by extensions ['colcon_pkg']
[0.722s] Level 1:colcon.colcon_core.package_identification:_identify(src/avis) by extension 'colcon_pkg'
[0.722s] Level 1:colcon.colcon_core.package_identification:_identify(src/avis) by extensions ['colcon_meta']
[0.722s] Level 1:colcon.colcon_core.package_identification:_identify(src/avis) by extension 'colcon_meta'
[0.722s] Level 1:colcon.colcon_core.package_identification:_identify(src/avis) by extensions ['ros']
[0.722s] Level 1:colcon.colcon_core.package_identification:_identify(src/avis) by extension 'ros'
[0.728s] DEBUG:colcon.colcon_core.package_identification:Package 'src/avis' with type 'ros.ament_cmake' and name 'avis'
[0.729s] Level 1:colcon.colcon_core.package_discovery:discover_packages(recursive) using defaults
[0.729s] Level 1:colcon.colcon_core.package_discovery:discover_packages(ignore) discover
[0.729s] Level 1:colcon.colcon_core.package_discovery:discover_packages(ignore) using defaults
[0.729s] Level 1:colcon.colcon_core.package_discovery:discover_packages(path) discover
[0.729s] Level 1:colcon.colcon_core.package_discovery:discover_packages(path) using defaults
[0.790s] Level 1:colcon.colcon_core.package_discovery:discover_packages(prefix_path) check parameters
[0.790s] Level 1:colcon.colcon_core.package_discovery:discover_packages(prefix_path) discover
[0.795s] DEBUG:colcon.colcon_installed_package_information.package_discovery:Found 1 installed packages in /home/amir/AVIS/install
[0.799s] DEBUG:colcon.colcon_installed_package_information.package_discovery:Found 487 installed packages in /opt/ros/humble
[0.806s] Level 1:colcon.colcon_core.package_discovery:discover_packages(prefix_path) using defaults
[0.956s] Level 5:colcon.colcon_core.verb:set package 'avis' build argument 'cmake_args' from command line to 'None'
[0.956s] Level 5:colcon.colcon_core.verb:set package 'avis' build argument 'cmake_target' from command line to 'None'
[0.956s] Level 5:colcon.colcon_core.verb:set package 'avis' build argument 'cmake_target_skip_unavailable' from command line to 'False'
[0.956s] Level 5:colcon.colcon_core.verb:set package 'avis' build argument 'cmake_clean_cache' from command line to 'False'
[0.956s] Level 5:colcon.colcon_core.verb:set package 'avis' build argument 'cmake_clean_first' from command line to 'False'
[0.956s] Level 5:colcon.colcon_core.verb:set package 'avis' build argument 'cmake_force_configure' from command line to 'False'
[0.956s] Level 5:colcon.colcon_core.verb:set package 'avis' build argument 'ament_cmake_args' from command line to 'None'
[0.956s] Level 5:colcon.colcon_core.verb:set package 'avis' build argument 'catkin_cmake_args' from command line to 'None'
[0.956s] Level 5:colcon.colcon_core.verb:set package 'avis' build argument 'catkin_skip_building_tests' from command line to 'False'
[0.956s] DEBUG:colcon.colcon_core.verb:Building package 'avis' with the following arguments: {'ament_cmake_args': None, 'build_base': '/home/amir/AVIS/build/avis', 'catkin_cmake_args': None, 'catkin_skip_building_tests': False, 'cmake_args': None, 'cmake_clean_cache': False, 'cmake_clean_first': False, 'cmake_force_configure': False, 'cmake_target': None, 'cmake_target_skip_unavailable': False, 'install_base': '/home/amir/AVIS/install/avis', 'merge_install': False, 'path': '/home/amir/AVIS/src/avis', 'symlink_install': False, 'test_result_base': None}
[0.956s] INFO:colcon.colcon_core.executor:Executing jobs using 'parallel' executor
[0.958s] DEBUG:colcon.colcon_parallel_executor.executor.parallel:run_until_complete
[0.959s] INFO:colcon.colcon_ros.task.ament_cmake.build:Building ROS package in '/home/amir/AVIS/src/avis' with build type 'ament_cmake'
[0.959s] INFO:colcon.colcon_cmake.task.cmake.build:Building CMake package in '/home/amir/AVIS/src/avis'
[0.964s] INFO:colcon.colcon_core.plugin_system:Skipping extension 'colcon_core.shell.bat': Not used on non-Windows systems
[0.965s] INFO:colcon.colcon_core.shell:Skip shell extension 'powershell' for command environment: Not usable outside of PowerShell
[0.965s] DEBUG:colcon.colcon_core.shell:Skip shell extension 'dsv' for command environment
[0.988s] DEBUG:colcon.colcon_core.event_handler.log_command:Invoking command in '/home/amir/AVIS/build/avis': CMAKE_PREFIX_PATH=${CMAKE_PREFIX_PATH}:/opt/ros/humble /usr/bin/cmake --build /home/amir/AVIS/build/avis -- -j8 -l8
[21.383s] DEBUG:colcon.colcon_core.event_handler.log_command:Invoked command in '/home/amir/AVIS/build/avis' returned '0': CMAKE_PREFIX_PATH=${CMAKE_PREFIX_PATH}:/opt/ros/humble /usr/bin/cmake --build /home/amir/AVIS/build/avis -- -j8 -l8
[21.405s] DEBUG:colcon.colcon_core.event_handler.log_command:Invoking command in '/home/amir/AVIS/build/avis': CMAKE_PREFIX_PATH=${CMAKE_PREFIX_PATH}:/opt/ros/humble /usr/bin/cmake --install /home/amir/AVIS/build/avis
[21.523s] Level 1:colcon.colcon_core.environment:create_environment_scripts_only(avis)
[21.525s] DEBUG:colcon.colcon_core.event_handler.log_command:Invoked command in '/home/amir/AVIS/build/avis' returned '0': CMAKE_PREFIX_PATH=${CMAKE_PREFIX_PATH}:/opt/ros/humble /usr/bin/cmake --install /home/amir/AVIS/build/avis
[21.528s] Level 1:colcon.colcon_core.environment:checking '/home/amir/AVIS/install/avis' for CMake module files
[21.529s] Level 1:colcon.colcon_core.environment:checking '/home/amir/AVIS/install/avis' for CMake config files
[21.530s] Level 1:colcon.colcon_core.shell:create_environment_hook('avis', 'cmake_prefix_path')
[21.530s] INFO:colcon.colcon_core.shell:Creating environment hook '/home/amir/AVIS/install/avis/share/avis/hook/cmake_prefix_path.ps1'
[21.532s] INFO:colcon.colcon_core.shell:Creating environment descriptor '/home/amir/AVIS/install/avis/share/avis/hook/cmake_prefix_path.dsv'
[21.533s] INFO:colcon.colcon_core.shell:Creating environment hook '/home/amir/AVIS/install/avis/share/avis/hook/cmake_prefix_path.sh'
[21.535s] Level 1:colcon.colcon_core.environment:checking '/home/amir/AVIS/install/avis/lib'
[21.536s] Level 1:colcon.colcon_core.environment:checking '/home/amir/AVIS/install/avis/bin'
[21.536s] Level 1:colcon.colcon_core.environment:checking '/home/amir/AVIS/install/avis/lib/pkgconfig/avis.pc'
[21.537s] Level 1:colcon.colcon_core.environment:checking '/home/amir/AVIS/install/avis/lib/python3.10/site-packages'
[21.537s] Level 1:colcon.colcon_core.environment:checking '/home/amir/AVIS/install/avis/bin'
[21.538s] INFO:colcon.colcon_core.shell:Creating package script '/home/amir/AVIS/install/avis/share/avis/package.ps1'
[21.541s] INFO:colcon.colcon_core.shell:Creating package descriptor '/home/amir/AVIS/install/avis/share/avis/package.dsv'
[21.543s] INFO:colcon.colcon_core.shell:Creating package script '/home/amir/AVIS/install/avis/share/avis/package.sh'
[21.545s] INFO:colcon.colcon_core.shell:Creating package script '/home/amir/AVIS/install/avis/share/avis/package.bash'
[21.548s] INFO:colcon.colcon_core.shell:Creating package script '/home/amir/AVIS/install/avis/share/avis/package.zsh'
[21.549s] Level 1:colcon.colcon_core.environment:create_file_with_runtime_dependencies(/home/amir/AVIS/install/avis/share/colcon-core/packages/avis)
[21.551s] Level 1:colcon.colcon_core.environment:create_environment_scripts_only(avis)
[21.551s] Level 1:colcon.colcon_core.environment:checking '/home/amir/AVIS/install/avis' for CMake module files
[21.553s] Level 1:colcon.colcon_core.environment:checking '/home/amir/AVIS/install/avis' for CMake config files
[21.553s] Level 1:colcon.colcon_core.shell:create_environment_hook('avis', 'cmake_prefix_path')
[21.554s] INFO:colcon.colcon_core.shell:Creating environment hook '/home/amir/AVIS/install/avis/share/avis/hook/cmake_prefix_path.ps1'
[21.555s] INFO:colcon.colcon_core.shell:Creating environment descriptor '/home/amir/AVIS/install/avis/share/avis/hook/cmake_prefix_path.dsv'
[21.556s] INFO:colcon.colcon_core.shell:Creating environment hook '/home/amir/AVIS/install/avis/share/avis/hook/cmake_prefix_path.sh'
[21.558s] Level 1:colcon.colcon_core.environment:checking '/home/amir/AVIS/install/avis/lib'
[21.558s] Level 1:colcon.colcon_core.environment:checking '/home/amir/AVIS/install/avis/bin'
[21.558s] Level 1:colcon.colcon_core.environment:checking '/home/amir/AVIS/install/avis/lib/pkgconfig/avis.pc'
[21.559s] Level 1:colcon.colcon_core.environment:checking '/home/amir/AVIS/install/avis/lib/python3.10/site-packages'
[21.559s] Level 1:colcon.colcon_core.environment:checking '/home/amir/AVIS/install/avis/bin'
[21.560s] INFO:colcon.colcon_core.shell:Creating package script '/home/amir/AVIS/install/avis/share/avis/package.ps1'
[21.561s] INFO:colcon.colcon_core.shell:Creating package descriptor '/home/amir/AVIS/install/avis/share/avis/package.dsv'
[21.562s] INFO:colcon.colcon_core.shell:Creating package script '/home/amir/AVIS/install/avis/share/avis/package.sh'
[21.563s] INFO:colcon.colcon_core.shell:Creating package script '/home/amir/AVIS/install/avis/share/avis/package.bash'
[21.564s] INFO:colcon.colcon_core.shell:Creating package script '/home/amir/AVIS/install/avis/share/avis/package.zsh'
[21.565s] Level 1:colcon.colcon_core.environment:create_file_with_runtime_dependencies(/home/amir/AVIS/install/avis/share/colcon-core/packages/avis)
[21.565s] DEBUG:colcon.colcon_parallel_executor.executor.parallel:closing loop
[21.566s] DEBUG:colcon.colcon_parallel_executor.executor.parallel:loop closed
[21.566s] DEBUG:colcon.colcon_parallel_executor.executor.parallel:run_until_complete finished with '0'
[21.566s] DEBUG:colcon.colcon_core.event_reactor:joining thread
[21.581s] INFO:colcon.colcon_core.plugin_system:Skipping extension 'colcon_notification.desktop_notification.terminal_notifier': Not used on non-Darwin systems
[21.581s] INFO:colcon.colcon_core.plugin_system:Skipping extension 'colcon_notification.desktop_notification.win32': Not used on non-Windows systems
[21.581s] INFO:colcon.colcon_notification.desktop_notification:Sending desktop notification using 'notify2'
[21.599s] DEBUG:colcon.colcon_core.event_reactor:joined thread
[21.601s] INFO:colcon.colcon_core.shell:Creating prefix script '/home/amir/AVIS/install/local_setup.ps1'
[21.604s] INFO:colcon.colcon_core.shell:Creating prefix util module '/home/amir/AVIS/install/_local_setup_util_ps1.py'
[21.608s] INFO:colcon.colcon_core.shell:Creating prefix chain script '/home/amir/AVIS/install/setup.ps1'
[21.611s] INFO:colcon.colcon_core.shell:Creating prefix script '/home/amir/AVIS/install/local_setup.sh'
[21.613s] INFO:colcon.colcon_core.shell:Creating prefix util module '/home/amir/AVIS/install/_local_setup_util_sh.py'
[21.615s] INFO:colcon.colcon_core.shell:Creating prefix chain script '/home/amir/AVIS/install/setup.sh'
[21.618s] INFO:colcon.colcon_core.shell:Creating prefix script '/home/amir/AVIS/install/local_setup.bash'
[21.619s] INFO:colcon.colcon_core.shell:Creating prefix chain script '/home/amir/AVIS/install/setup.bash'
[21.622s] INFO:colcon.colcon_core.shell:Creating prefix script '/home/amir/AVIS/install/local_setup.zsh'
[21.623s] INFO:colcon.colcon_core.shell:Creating prefix chain script '/home/amir/AVIS/install/setup.zsh'
