[0.027s] Invoking command in '/home/amir/AVIS/build/avis': CMAKE_PREFIX_PATH=${CMAKE_PREFIX_PATH}:/opt/ros/humble /usr/bin/cmake --build /home/amir/AVIS/build/avis -- -j8 -l8
[0.123s] [35m[1mConsolidate compiler generated dependencies of target control[0m
[0.161s] [  0%] Built target ament_cmake_python_symlink_avis
[0.170s] [ 33%] [32mBuilding CXX object CMakeFiles/control.dir/src/control.cpp.o[0m
[0.876s] running egg_info
[0.878s] writing avis.egg-info/PKG-INFO
[0.878s] writing dependency_links to avis.egg-info/dependency_links.txt
[0.879s] writing top-level names to avis.egg-info/top_level.txt
[0.886s] reading manifest file 'avis.egg-info/SOURCES.txt'
[0.887s] writing manifest file 'avis.egg-info/SOURCES.txt'
[0.970s] [ 33%] Built target ament_cmake_python_build_avis_egg
[19.395s] [ 66%] [32m[1mLinking CXX executable control[0m
[20.402s] [100%] Built target control
[20.423s] Invoked command in '/home/amir/AVIS/build/avis' returned '0': CMAKE_PREFIX_PATH=${CMAKE_PREFIX_PATH}:/opt/ros/humble /usr/bin/cmake --build /home/amir/AVIS/build/avis -- -j8 -l8
[20.445s] Invoking command in '/home/amir/AVIS/build/avis': CMAKE_PREFIX_PATH=${CMAKE_PREFIX_PATH}:/opt/ros/humble /usr/bin/cmake --install /home/amir/AVIS/build/avis
[20.459s] -- Install configuration: ""
[20.460s] -- Execute custom install script
[20.460s] -- Up-to-date symlink: /home/amir/AVIS/install/avis/lib/avis/control
[20.461s] -- Up-to-date symlink: /home/amir/AVIS/install/avis/share/avis/environment/pythonpath.sh
[20.461s] -- Up-to-date symlink: /home/amir/AVIS/install/avis/share/avis/environment/pythonpath.dsv
[20.461s] -- Up-to-date symlink: /home/amir/AVIS/install/avis/local/lib/python3.10/dist-packages/avis-0.0.0-py3.10.egg-info/PKG-INFO
[20.462s] -- Up-to-date symlink: /home/amir/AVIS/install/avis/local/lib/python3.10/dist-packages/avis-0.0.0-py3.10.egg-info/SOURCES.txt
[20.462s] -- Up-to-date symlink: /home/amir/AVIS/install/avis/local/lib/python3.10/dist-packages/avis-0.0.0-py3.10.egg-info/dependency_links.txt
[20.462s] -- Up-to-date symlink: /home/amir/AVIS/install/avis/local/lib/python3.10/dist-packages/avis-0.0.0-py3.10.egg-info/top_level.txt
[20.463s] -- Up-to-date symlink: /home/amir/AVIS/install/avis/local/lib/python3.10/dist-packages/avis/__init__.py
[20.463s] -- Up-to-date symlink: /home/amir/AVIS/install/avis/local/lib/python3.10/dist-packages/avis/avisengine.py
[20.463s] -- Up-to-date symlink: /home/amir/AVIS/install/avis/local/lib/python3.10/dist-packages/avis/config.py
[20.463s] -- Up-to-date symlink: /home/amir/AVIS/install/avis/local/lib/python3.10/dist-packages/avis/utils.py
[20.464s] -- Up-to-date symlink: /home/amir/AVIS/install/avis/local/lib/python3.10/dist-packages/avis/yegane.py
[20.464s] -- Up-to-date symlink: /home/amir/AVIS/install/avis/lib/avis/line.py
[20.464s] -- Up-to-date symlink: /home/amir/AVIS/install/avis/lib/avis/simulator.py
[20.465s] -- Up-to-date symlink: /home/amir/AVIS/install/avis/share/avis//launch/avis-launch.py
[20.465s] -- Up-to-date symlink: /home/amir/AVIS/install/avis/share/ament_index/resource_index/package_run_dependencies/avis
[20.465s] -- Up-to-date symlink: /home/amir/AVIS/install/avis/share/ament_index/resource_index/parent_prefix_path/avis
[20.466s] -- Up-to-date symlink: /home/amir/AVIS/install/avis/share/avis/environment/ament_prefix_path.sh
[20.466s] -- Up-to-date symlink: /home/amir/AVIS/install/avis/share/avis/environment/ament_prefix_path.dsv
[20.466s] -- Up-to-date symlink: /home/amir/AVIS/install/avis/share/avis/environment/path.sh
[20.467s] -- Up-to-date symlink: /home/amir/AVIS/install/avis/share/avis/environment/path.dsv
[20.467s] -- Up-to-date symlink: /home/amir/AVIS/install/avis/share/avis/local_setup.bash
[20.468s] -- Up-to-date symlink: /home/amir/AVIS/install/avis/share/avis/local_setup.sh
[20.468s] -- Up-to-date symlink: /home/amir/AVIS/install/avis/share/avis/local_setup.zsh
[20.468s] -- Up-to-date symlink: /home/amir/AVIS/install/avis/share/avis/local_setup.dsv
[20.469s] -- Symlinking: /home/amir/AVIS/install/avis/share/avis/package.dsv
[20.484s] -- Up-to-date symlink: /home/amir/AVIS/install/avis/share/ament_index/resource_index/packages/avis
[20.485s] -- Up-to-date symlink: /home/amir/AVIS/install/avis/share/avis/cmake/avisConfig.cmake
[20.485s] -- Up-to-date symlink: /home/amir/AVIS/install/avis/share/avis/cmake/avisConfig-version.cmake
[20.485s] -- Up-to-date symlink: /home/amir/AVIS/install/avis/share/avis/package.xml
[20.550s] Listing '/home/amir/AVIS/install/avis/local/lib/python3.10/dist-packages/avis'...
[20.565s] Invoked command in '/home/amir/AVIS/build/avis' returned '0': CMAKE_PREFIX_PATH=${CMAKE_PREFIX_PATH}:/opt/ros/humble /usr/bin/cmake --install /home/amir/AVIS/build/avis
