[0.229s] DEBUG:colcon:Command line arguments: ['/usr/bin/colcon', 'build']
[0.230s] DEBUG:colcon:Parsed command line arguments: Namespace(log_base=None, log_level=None, verb_name='build', build_base='build', install_base='install', merge_install=False, symlink_install=False, test_result_base=None, continue_on_error=False, executor='parallel', parallel_workers=8, event_handlers=None, ignore_user_meta=False, metas=['./colcon.meta'], base_paths=['.'], packages_ignore=None, packages_ignore_regex=None, paths=None, packages_up_to=None, packages_up_to_regex=None, packages_above=None, packages_above_and_dependencies=None, packages_above_depth=None, packages_select_by_dep=None, packages_skip_by_dep=None, packages_skip_up_to=None, packages_select_build_failed=False, packages_skip_build_finished=False, packages_select_test_failures=False, packages_skip_test_passed=False, packages_select=None, packages_skip=None, packages_select_regex=None, packages_skip_regex=None, packages_start=None, packages_end=None, allow_overriding=[], cmake_args=None, cmake_target=None, cmake_target_skip_unavailable=False, cmake_clean_cache=False, cmake_clean_first=False, cmake_force_configure=False, ament_cmake_args=None, catkin_cmake_args=None, catkin_skip_building_tests=False, mixin_files=None, mixin=None, verb_parser=<colcon_mixin.mixin.mixin_argument.MixinArgumentDecorator object at 0x7f1c23e63400>, verb_extension=<colcon_core.verb.build.BuildVerb object at 0x7f1c23e62d70>, main=<bound method BuildVerb.main of <colcon_core.verb.build.BuildVerb object at 0x7f1c23e62d70>>, mixin_verb=('build',))
[0.610s] Level 1:colcon.colcon_core.package_discovery:discover_packages(colcon_meta) check parameters
[0.611s] Level 1:colcon.colcon_core.package_discovery:discover_packages(recursive) check parameters
[0.611s] Level 1:colcon.colcon_core.package_discovery:discover_packages(ignore) check parameters
[0.611s] Level 1:colcon.colcon_core.package_discovery:discover_packages(path) check parameters
[0.611s] Level 1:colcon.colcon_core.package_discovery:discover_packages(colcon_meta) discover
[0.611s] Level 1:colcon.colcon_core.package_discovery:discover_packages(recursive) discover
[0.611s] INFO:colcon.colcon_core.package_discovery:Crawling recursively for packages in '/home/amir/AVIS'
[0.611s] Level 1:colcon.colcon_core.package_identification:_identify(.) by extensions ['ignore', 'ignore_ament_install']
[0.612s] Level 1:colcon.colcon_core.package_identification:_identify(.) by extension 'ignore'
[0.612s] Level 1:colcon.colcon_core.package_identification:_identify(.) by extension 'ignore_ament_install'
[0.612s] Level 1:colcon.colcon_core.package_identification:_identify(.) by extensions ['colcon_pkg']
[0.612s] Level 1:colcon.colcon_core.package_identification:_identify(.) by extension 'colcon_pkg'
[0.612s] Level 1:colcon.colcon_core.package_identification:_identify(.) by extensions ['colcon_meta']
[0.612s] Level 1:colcon.colcon_core.package_identification:_identify(.) by extension 'colcon_meta'
[0.612s] Level 1:colcon.colcon_core.package_identification:_identify(.) by extensions ['ros']
[0.612s] Level 1:colcon.colcon_core.package_identification:_identify(.) by extension 'ros'
[0.655s] Level 1:colcon.colcon_core.package_identification:_identify(.) by extensions ['cmake', 'python']
[0.655s] Level 1:colcon.colcon_core.package_identification:_identify(.) by extension 'cmake'
[0.655s] Level 1:colcon.colcon_core.package_identification:_identify(.) by extension 'python'
[0.655s] Level 1:colcon.colcon_core.package_identification:_identify(.) by extensions ['python_setup_py']
[0.655s] Level 1:colcon.colcon_core.package_identification:_identify(.) by extension 'python_setup_py'
[0.655s] Level 1:colcon.colcon_core.package_identification:_identify(build) by extensions ['ignore', 'ignore_ament_install']
[0.656s] Level 1:colcon.colcon_core.package_identification:_identify(build) by extension 'ignore'
[0.656s] Level 1:colcon.colcon_core.package_identification:_identify(build) ignored
[0.656s] Level 1:colcon.colcon_core.package_identification:_identify(install) by extensions ['ignore', 'ignore_ament_install']
[0.656s] Level 1:colcon.colcon_core.package_identification:_identify(install) by extension 'ignore'
[0.656s] Level 1:colcon.colcon_core.package_identification:_identify(install) ignored
[0.656s] Level 1:colcon.colcon_core.package_identification:_identify(log) by extensions ['ignore', 'ignore_ament_install']
[0.657s] Level 1:colcon.colcon_core.package_identification:_identify(log) by extension 'ignore'
[0.657s] Level 1:colcon.colcon_core.package_identification:_identify(log) ignored
[0.657s] Level 1:colcon.colcon_core.package_identification:_identify(src) by extensions ['ignore', 'ignore_ament_install']
[0.657s] Level 1:colcon.colcon_core.package_identification:_identify(src) by extension 'ignore'
[0.657s] Level 1:colcon.colcon_core.package_identification:_identify(src) by extension 'ignore_ament_install'
[0.657s] Level 1:colcon.colcon_core.package_identification:_identify(src) by extensions ['colcon_pkg']
[0.657s] Level 1:colcon.colcon_core.package_identification:_identify(src) by extension 'colcon_pkg'
[0.657s] Level 1:colcon.colcon_core.package_identification:_identify(src) by extensions ['colcon_meta']
[0.657s] Level 1:colcon.colcon_core.package_identification:_identify(src) by extension 'colcon_meta'
[0.657s] Level 1:colcon.colcon_core.package_identification:_identify(src) by extensions ['ros']
[0.657s] Level 1:colcon.colcon_core.package_identification:_identify(src) by extension 'ros'
[0.658s] Level 1:colcon.colcon_core.package_identification:_identify(src) by extensions ['cmake', 'python']
[0.658s] Level 1:colcon.colcon_core.package_identification:_identify(src) by extension 'cmake'
[0.658s] Level 1:colcon.colcon_core.package_identification:_identify(src) by extension 'python'
[0.658s] Level 1:colcon.colcon_core.package_identification:_identify(src) by extensions ['python_setup_py']
[0.658s] Level 1:colcon.colcon_core.package_identification:_identify(src) by extension 'python_setup_py'
[0.658s] Level 1:colcon.colcon_core.package_identification:_identify(src/avis) by extensions ['ignore', 'ignore_ament_install']
[0.658s] Level 1:colcon.colcon_core.package_identification:_identify(src/avis) by extension 'ignore'
[0.658s] Level 1:colcon.colcon_core.package_identification:_identify(src/avis) by extension 'ignore_ament_install'
[0.658s] Level 1:colcon.colcon_core.package_identification:_identify(src/avis) by extensions ['colcon_pkg']
[0.658s] Level 1:colcon.colcon_core.package_identification:_identify(src/avis) by extension 'colcon_pkg'
[0.659s] Level 1:colcon.colcon_core.package_identification:_identify(src/avis) by extensions ['colcon_meta']
[0.659s] Level 1:colcon.colcon_core.package_identification:_identify(src/avis) by extension 'colcon_meta'
[0.659s] Level 1:colcon.colcon_core.package_identification:_identify(src/avis) by extensions ['ros']
[0.659s] Level 1:colcon.colcon_core.package_identification:_identify(src/avis) by extension 'ros'
[0.665s] DEBUG:colcon.colcon_core.package_identification:Package 'src/avis' with type 'ros.ament_cmake' and name 'avis'
[0.666s] Level 1:colcon.colcon_core.package_discovery:discover_packages(recursive) using defaults
[0.666s] Level 1:colcon.colcon_core.package_discovery:discover_packages(ignore) discover
[0.666s] Level 1:colcon.colcon_core.package_discovery:discover_packages(ignore) using defaults
[0.666s] Level 1:colcon.colcon_core.package_discovery:discover_packages(path) discover
[0.666s] Level 1:colcon.colcon_core.package_discovery:discover_packages(path) using defaults
[0.713s] Level 1:colcon.colcon_core.package_discovery:discover_packages(prefix_path) check parameters
[0.713s] Level 1:colcon.colcon_core.package_discovery:discover_packages(prefix_path) discover
[0.716s] DEBUG:colcon.colcon_installed_package_information.package_discovery:Found 1 installed packages in /home/amir/AVIS/install
[0.720s] DEBUG:colcon.colcon_installed_package_information.package_discovery:Found 487 installed packages in /opt/ros/humble
[0.727s] Level 1:colcon.colcon_core.package_discovery:discover_packages(prefix_path) using defaults
[0.847s] Level 5:colcon.colcon_core.verb:set package 'avis' build argument 'cmake_args' from command line to 'None'
[0.847s] Level 5:colcon.colcon_core.verb:set package 'avis' build argument 'cmake_target' from command line to 'None'
[0.847s] Level 5:colcon.colcon_core.verb:set package 'avis' build argument 'cmake_target_skip_unavailable' from command line to 'False'
[0.847s] Level 5:colcon.colcon_core.verb:set package 'avis' build argument 'cmake_clean_cache' from command line to 'False'
[0.847s] Level 5:colcon.colcon_core.verb:set package 'avis' build argument 'cmake_clean_first' from command line to 'False'
[0.847s] Level 5:colcon.colcon_core.verb:set package 'avis' build argument 'cmake_force_configure' from command line to 'False'
[0.847s] Level 5:colcon.colcon_core.verb:set package 'avis' build argument 'ament_cmake_args' from command line to 'None'
[0.847s] Level 5:colcon.colcon_core.verb:set package 'avis' build argument 'catkin_cmake_args' from command line to 'None'
[0.847s] Level 5:colcon.colcon_core.verb:set package 'avis' build argument 'catkin_skip_building_tests' from command line to 'False'
[0.847s] DEBUG:colcon.colcon_core.verb:Building package 'avis' with the following arguments: {'ament_cmake_args': None, 'build_base': '/home/amir/AVIS/build/avis', 'catkin_cmake_args': None, 'catkin_skip_building_tests': False, 'cmake_args': None, 'cmake_clean_cache': False, 'cmake_clean_first': False, 'cmake_force_configure': False, 'cmake_target': None, 'cmake_target_skip_unavailable': False, 'install_base': '/home/amir/AVIS/install/avis', 'merge_install': False, 'path': '/home/amir/AVIS/src/avis', 'symlink_install': False, 'test_result_base': None}
[0.848s] INFO:colcon.colcon_core.executor:Executing jobs using 'parallel' executor
[0.850s] DEBUG:colcon.colcon_parallel_executor.executor.parallel:run_until_complete
[0.850s] INFO:colcon.colcon_ros.task.ament_cmake.build:Building ROS package in '/home/amir/AVIS/src/avis' with build type 'ament_cmake'
[0.850s] INFO:colcon.colcon_cmake.task.cmake.build:Building CMake package in '/home/amir/AVIS/src/avis'
[0.855s] INFO:colcon.colcon_core.plugin_system:Skipping extension 'colcon_core.shell.bat': Not used on non-Windows systems
[0.856s] INFO:colcon.colcon_core.shell:Skip shell extension 'powershell' for command environment: Not usable outside of PowerShell
[0.856s] DEBUG:colcon.colcon_core.shell:Skip shell extension 'dsv' for command environment
[0.875s] DEBUG:colcon.colcon_core.event_handler.log_command:Invoking command in '/home/amir/AVIS/build/avis': CMAKE_PREFIX_PATH=${CMAKE_PREFIX_PATH}:/opt/ros/humble /usr/bin/cmake /home/amir/AVIS/src/avis -DCMAKE_INSTALL_PREFIX=/home/amir/AVIS/install/avis
[2.085s] DEBUG:colcon.colcon_core.event_handler.log_command:Invoked command in '/home/amir/AVIS/build/avis' returned '0': CMAKE_PREFIX_PATH=${CMAKE_PREFIX_PATH}:/opt/ros/humble /usr/bin/cmake /home/amir/AVIS/src/avis -DCMAKE_INSTALL_PREFIX=/home/amir/AVIS/install/avis
[2.090s] DEBUG:colcon.colcon_core.event_handler.log_command:Invoking command in '/home/amir/AVIS/build/avis': CMAKE_PREFIX_PATH=${CMAKE_PREFIX_PATH}:/opt/ros/humble /usr/bin/cmake --build /home/amir/AVIS/build/avis -- -j8 -l8
[12.801s] DEBUG:colcon.colcon_core.event_handler.log_command:Invoked command in '/home/amir/AVIS/build/avis' returned '2': CMAKE_PREFIX_PATH=${CMAKE_PREFIX_PATH}:/opt/ros/humble /usr/bin/cmake --build /home/amir/AVIS/build/avis -- -j8 -l8
[12.803s] Level 1:colcon.colcon_core.environment:create_environment_scripts_only(avis)
[12.807s] Level 1:colcon.colcon_core.environment:checking '/home/amir/AVIS/install/avis' for CMake module files
[12.809s] Level 1:colcon.colcon_core.environment:checking '/home/amir/AVIS/install/avis' for CMake config files
[12.810s] Level 1:colcon.colcon_core.shell:create_environment_hook('avis', 'cmake_prefix_path')
[12.811s] INFO:colcon.colcon_core.shell:Creating environment hook '/home/amir/AVIS/install/avis/share/avis/hook/cmake_prefix_path.ps1'
[12.813s] INFO:colcon.colcon_core.shell:Creating environment descriptor '/home/amir/AVIS/install/avis/share/avis/hook/cmake_prefix_path.dsv'
[12.814s] INFO:colcon.colcon_core.shell:Creating environment hook '/home/amir/AVIS/install/avis/share/avis/hook/cmake_prefix_path.sh'
[12.816s] Level 1:colcon.colcon_core.environment:checking '/home/amir/AVIS/install/avis/lib'
[12.817s] Level 1:colcon.colcon_core.environment:checking '/home/amir/AVIS/install/avis/bin'
[12.817s] Level 1:colcon.colcon_core.environment:checking '/home/amir/AVIS/install/avis/lib/pkgconfig/avis.pc'
[12.818s] Level 1:colcon.colcon_core.environment:checking '/home/amir/AVIS/install/avis/lib/python3.10/site-packages'
[12.818s] Level 1:colcon.colcon_core.environment:checking '/home/amir/AVIS/install/avis/bin'
[12.819s] INFO:colcon.colcon_core.shell:Creating package script '/home/amir/AVIS/install/avis/share/avis/package.ps1'
[12.821s] INFO:colcon.colcon_core.shell:Creating package descriptor '/home/amir/AVIS/install/avis/share/avis/package.dsv'
[12.823s] INFO:colcon.colcon_core.shell:Creating package script '/home/amir/AVIS/install/avis/share/avis/package.sh'
[12.825s] INFO:colcon.colcon_core.shell:Creating package script '/home/amir/AVIS/install/avis/share/avis/package.bash'
[12.827s] INFO:colcon.colcon_core.shell:Creating package script '/home/amir/AVIS/install/avis/share/avis/package.zsh'
[12.830s] Level 1:colcon.colcon_core.environment:create_file_with_runtime_dependencies(/home/amir/AVIS/install/avis/share/colcon-core/packages/avis)
[12.842s] DEBUG:colcon.colcon_parallel_executor.executor.parallel:closing loop
[12.842s] DEBUG:colcon.colcon_parallel_executor.executor.parallel:loop closed
[12.842s] DEBUG:colcon.colcon_parallel_executor.executor.parallel:run_until_complete finished with '2'
[12.842s] DEBUG:colcon.colcon_core.event_reactor:joining thread
[12.852s] INFO:colcon.colcon_core.plugin_system:Skipping extension 'colcon_notification.desktop_notification.terminal_notifier': Not used on non-Darwin systems
[12.852s] INFO:colcon.colcon_core.plugin_system:Skipping extension 'colcon_notification.desktop_notification.win32': Not used on non-Windows systems
[12.852s] INFO:colcon.colcon_notification.desktop_notification:Sending desktop notification using 'notify2'
[12.871s] DEBUG:colcon.colcon_core.event_reactor:joined thread
[12.872s] INFO:colcon.colcon_core.shell:Creating prefix script '/home/amir/AVIS/install/local_setup.ps1'
[12.874s] INFO:colcon.colcon_core.shell:Creating prefix util module '/home/amir/AVIS/install/_local_setup_util_ps1.py'
[12.877s] INFO:colcon.colcon_core.shell:Creating prefix chain script '/home/amir/AVIS/install/setup.ps1'
[12.879s] INFO:colcon.colcon_core.shell:Creating prefix script '/home/amir/AVIS/install/local_setup.sh'
[12.880s] INFO:colcon.colcon_core.shell:Creating prefix util module '/home/amir/AVIS/install/_local_setup_util_sh.py'
[12.881s] INFO:colcon.colcon_core.shell:Creating prefix chain script '/home/amir/AVIS/install/setup.sh'
[12.884s] INFO:colcon.colcon_core.shell:Creating prefix script '/home/amir/AVIS/install/local_setup.bash'
[12.885s] INFO:colcon.colcon_core.shell:Creating prefix chain script '/home/amir/AVIS/install/setup.bash'
[12.887s] INFO:colcon.colcon_core.shell:Creating prefix script '/home/amir/AVIS/install/local_setup.zsh'
[12.889s] INFO:colcon.colcon_core.shell:Creating prefix chain script '/home/amir/AVIS/install/setup.zsh'
