[0.024s] Invoking command in '/home/amir/AVIS/build/avis': CMAKE_PREFIX_PATH=${CMAKE_PREFIX_PATH}:/opt/ros/humble /usr/bin/cmake --build /home/amir/AVIS/build/avis -- -j8 -l8
[0.100s] [35m[1mConsolidate compiler generated dependencies of target control[0m
[0.127s] [  0%] Built target ament_cmake_python_symlink_avis
[0.136s] [100%] Built target control
[0.701s] running egg_info
[0.703s] writing avis.egg-info/PKG-INFO
[0.703s] writing dependency_links to avis.egg-info/dependency_links.txt
[0.703s] writing top-level names to avis.egg-info/top_level.txt
[0.708s] reading manifest file 'avis.egg-info/SOURCES.txt'
[0.709s] writing manifest file 'avis.egg-info/SOURCES.txt'
[0.768s] [100%] Built target ament_cmake_python_build_avis_egg
[0.790s] Invoked command in '/home/amir/AVIS/build/avis' returned '0': CMAKE_PREFIX_PATH=${CMAKE_PREFIX_PATH}:/opt/ros/humble /usr/bin/cmake --build /home/amir/AVIS/build/avis -- -j8 -l8
[0.808s] Invoking command in '/home/amir/AVIS/build/avis': CMAKE_PREFIX_PATH=${CMAKE_PREFIX_PATH}:/opt/ros/humble /usr/bin/cmake --install /home/amir/AVIS/build/avis
[0.822s] -- Install configuration: ""
[0.823s] -- Execute custom install script
[0.824s] -- Up-to-date symlink: /home/amir/AVIS/install/avis/lib/avis/control
[0.824s] -- Up-to-date symlink: /home/amir/AVIS/install/avis/share/avis/environment/pythonpath.sh
[0.824s] -- Up-to-date symlink: /home/amir/AVIS/install/avis/share/avis/environment/pythonpath.dsv
[0.825s] -- Up-to-date symlink: /home/amir/AVIS/install/avis/local/lib/python3.10/dist-packages/avis-0.0.0-py3.10.egg-info/PKG-INFO
[0.825s] -- Up-to-date symlink: /home/amir/AVIS/install/avis/local/lib/python3.10/dist-packages/avis-0.0.0-py3.10.egg-info/SOURCES.txt
[0.825s] -- Up-to-date symlink: /home/amir/AVIS/install/avis/local/lib/python3.10/dist-packages/avis-0.0.0-py3.10.egg-info/dependency_links.txt
[0.826s] -- Up-to-date symlink: /home/amir/AVIS/install/avis/local/lib/python3.10/dist-packages/avis-0.0.0-py3.10.egg-info/top_level.txt
[0.826s] -- Up-to-date symlink: /home/amir/AVIS/install/avis/local/lib/python3.10/dist-packages/avis/__init__.py
[0.826s] -- Up-to-date symlink: /home/amir/AVIS/install/avis/local/lib/python3.10/dist-packages/avis/avisengine.py
[0.826s] -- Up-to-date symlink: /home/amir/AVIS/install/avis/local/lib/python3.10/dist-packages/avis/config.py
[0.827s] -- Up-to-date symlink: /home/amir/AVIS/install/avis/local/lib/python3.10/dist-packages/avis/utils.py
[0.827s] -- Up-to-date symlink: /home/amir/AVIS/install/avis/local/lib/python3.10/dist-packages/avis/yegane.py
[0.827s] -- Up-to-date symlink: /home/amir/AVIS/install/avis/lib/avis/line.py
[0.827s] -- Up-to-date symlink: /home/amir/AVIS/install/avis/lib/avis/simulator.py
[0.828s] -- Up-to-date symlink: /home/amir/AVIS/install/avis/share/avis//launch/avis-launch.py
[0.828s] -- Up-to-date symlink: /home/amir/AVIS/install/avis/share/ament_index/resource_index/package_run_dependencies/avis
[0.828s] -- Up-to-date symlink: /home/amir/AVIS/install/avis/share/ament_index/resource_index/parent_prefix_path/avis
[0.829s] -- Up-to-date symlink: /home/amir/AVIS/install/avis/share/avis/environment/ament_prefix_path.sh
[0.829s] -- Up-to-date symlink: /home/amir/AVIS/install/avis/share/avis/environment/ament_prefix_path.dsv
[0.830s] -- Up-to-date symlink: /home/amir/AVIS/install/avis/share/avis/environment/path.sh
[0.830s] -- Up-to-date symlink: /home/amir/AVIS/install/avis/share/avis/environment/path.dsv
[0.830s] -- Up-to-date symlink: /home/amir/AVIS/install/avis/share/avis/local_setup.bash
[0.830s] -- Up-to-date symlink: /home/amir/AVIS/install/avis/share/avis/local_setup.sh
[0.831s] -- Up-to-date symlink: /home/amir/AVIS/install/avis/share/avis/local_setup.zsh
[0.831s] -- Up-to-date symlink: /home/amir/AVIS/install/avis/share/avis/local_setup.dsv
[0.831s] -- Symlinking: /home/amir/AVIS/install/avis/share/avis/package.dsv
[0.848s] -- Up-to-date symlink: /home/amir/AVIS/install/avis/share/ament_index/resource_index/packages/avis
[0.848s] -- Up-to-date symlink: /home/amir/AVIS/install/avis/share/avis/cmake/avisConfig.cmake
[0.848s] -- Up-to-date symlink: /home/amir/AVIS/install/avis/share/avis/cmake/avisConfig-version.cmake
[0.849s] -- Up-to-date symlink: /home/amir/AVIS/install/avis/share/avis/package.xml
[0.929s] Listing '/home/amir/AVIS/install/avis/local/lib/python3.10/dist-packages/avis'...
[0.944s] Invoked command in '/home/amir/AVIS/build/avis' returned '0': CMAKE_PREFIX_PATH=${CMAKE_PREFIX_PATH}:/opt/ros/humble /usr/bin/cmake --install /home/amir/AVIS/build/avis
