[01m[K/home/amir/AVIS/src/avis/src/control.cpp:[m[K In constructor ‘[01m[KControlNode::ControlNode()[m[K’:
[01m[K/home/amir/AVIS/src/avis/src/control.cpp:13:47:[m[K [01;31m[Kerror: [m[Kno matching function for call to ‘[01m[KPID::PID()[m[K’
   13 |                     stan(0.8, 0.0, 0.0, 40, 20[01;31m[K)[m[K
      |                                               [01;31m[K^[m[K
In file included from [01m[K/home/amir/AVIS/src/avis/src/control.cpp:4[m[K:
[01m[K/home/amir/AVIS/src/avis/src/pid.cpp:3:1:[m[K [01;36m[Knote: [m[Kcandidate: ‘[01m[KPID::PID(const float&, const float&, const float&, const float&)[m[K’
    3 | [01;36m[KPID[m[K::PID(const float &kp, const float &ki, const float &kd, const float &constrain)
      | [01;36m[K^~~[m[K
[01m[K/home/amir/AVIS/src/avis/src/pid.cpp:3:1:[m[K [01;36m[Knote: [m[K  candidate expects 4 arguments, 0 provided
In file included from [01m[K/home/amir/AVIS/src/avis/src/pid.cpp:1[m[K,
                 from [01m[K/home/amir/AVIS/src/avis/src/control.cpp:4[m[K:
[01m[K/home/amir/AVIS/src/avis/src/pid.h:4:7:[m[K [01;36m[Knote: [m[Kcandidate: ‘[01m[Kconstexpr PID::PID(const PID&)[m[K’
    4 | class [01;36m[KPID[m[K
      |       [01;36m[K^~~[m[K
[01m[K/home/amir/AVIS/src/avis/src/pid.h:4:7:[m[K [01;36m[Knote: [m[K  candidate expects 1 argument, 0 provided
[01m[K/home/amir/AVIS/src/avis/src/pid.h:4:7:[m[K [01;36m[Knote: [m[Kcandidate: ‘[01m[Kconstexpr PID::PID(PID&&)[m[K’
[01m[K/home/amir/AVIS/src/avis/src/pid.h:4:7:[m[K [01;36m[Knote: [m[K  candidate expects 1 argument, 0 provided
gmake[2]: *** [CMakeFiles/control.dir/build.make:76: CMakeFiles/control.dir/src/control.cpp.o] Error 1
gmake[1]: *** [CMakeFiles/Makefile2:140: CMakeFiles/control.dir/all] Error 2
gmake: *** [Makefile:146: all] Error 2
