-- Found ament_cmake: 1.3.11 (/opt/ros/humble/share/ament_cmake/cmake)
-- Override CMake install command with custom implementation using symlinks instead of copying resources
-- Found rclcpp: 16.0.12 (/opt/ros/humble/share/rclcpp/cmake)
-- Found rosidl_generator_c: 3.1.6 (/opt/ros/humble/share/rosidl_generator_c/cmake)
-- Found rosidl_adapter: 3.1.6 (/opt/ros/humble/share/rosidl_adapter/cmake)
-- Found rosidl_generator_cpp: 3.1.6 (/opt/ros/humble/share/rosidl_generator_cpp/cmake)
-- Using all available rosidl_typesupport_c: rosidl_typesupport_fastrtps_c;rosidl_typesupport_introspection_c
-- Using all available rosidl_typesupport_cpp: rosidl_typesupport_fastrtps_cpp;rosidl_typesupport_introspection_cpp
-- Found rmw_implementation_cmake: 6.1.2 (/opt/ros/humble/share/rmw_implementation_cmake/cmake)
-- Found rmw_fastrtps_cpp: 6.2.7 (/opt/ros/humble/share/rmw_fastrtps_cpp/cmake)
-- Using RMW implementation 'rmw_fastrtps_cpp' as default
-- Found rclpy: 3.3.16 (/opt/ros/humble/share/rclpy/cmake)
-- Configuring done
-- Generating done
-- Build files have been written to: /home/amir/AVIS/build/avis
[35m[1mConsolidate compiler generated dependencies of target control[0m
[  0%] Built target ament_cmake_python_symlink_avis
[ 33%] [32mBuilding CXX object CMakeFiles/control.dir/src/control.cpp.o[0m
running egg_info
writing avis.egg-info/PKG-INFO
writing dependency_links to avis.egg-info/dependency_links.txt
writing top-level names to avis.egg-info/top_level.txt
reading manifest file 'avis.egg-info/SOURCES.txt'
writing manifest file 'avis.egg-info/SOURCES.txt'
[ 33%] Built target ament_cmake_python_build_avis_egg
[01m[K/home/amir/AVIS/src/avis/src/control.cpp:[m[K In constructor ‘[01m[KControlNode::ControlNode()[m[K’:
[01m[K/home/amir/AVIS/src/avis/src/control.cpp:13:47:[m[K [01;31m[Kerror: [m[Kno matching function for call to ‘[01m[KPID::PID()[m[K’
   13 |                     stan(0.8, 0.0, 0.0, 40, 20[01;31m[K)[m[K
      |                                               [01;31m[K^[m[K
In file included from [01m[K/home/amir/AVIS/src/avis/src/control.cpp:4[m[K:
[01m[K/home/amir/AVIS/src/avis/src/pid.cpp:3:1:[m[K [01;36m[Knote: [m[Kcandidate: ‘[01m[KPID::PID(const float&, const float&, const float&, const float&)[m[K’
    3 | [01;36m[KPID[m[K::PID(const float &kp, const float &ki, const float &kd, const float &constrain)
      | [01;36m[K^~~[m[K
[01m[K/home/amir/AVIS/src/avis/src/pid.cpp:3:1:[m[K [01;36m[Knote: [m[K  candidate expects 4 arguments, 0 provided
In file included from [01m[K/home/amir/AVIS/src/avis/src/pid.cpp:1[m[K,
                 from [01m[K/home/amir/AVIS/src/avis/src/control.cpp:4[m[K:
[01m[K/home/amir/AVIS/src/avis/src/pid.h:4:7:[m[K [01;36m[Knote: [m[Kcandidate: ‘[01m[Kconstexpr PID::PID(const PID&)[m[K’
    4 | class [01;36m[KPID[m[K
      |       [01;36m[K^~~[m[K
[01m[K/home/amir/AVIS/src/avis/src/pid.h:4:7:[m[K [01;36m[Knote: [m[K  candidate expects 1 argument, 0 provided
[01m[K/home/amir/AVIS/src/avis/src/pid.h:4:7:[m[K [01;36m[Knote: [m[Kcandidate: ‘[01m[Kconstexpr PID::PID(PID&&)[m[K’
[01m[K/home/amir/AVIS/src/avis/src/pid.h:4:7:[m[K [01;36m[Knote: [m[K  candidate expects 1 argument, 0 provided
gmake[2]: *** [CMakeFiles/control.dir/build.make:76: CMakeFiles/control.dir/src/control.cpp.o] Error 1
gmake[1]: *** [CMakeFiles/Makefile2:140: CMakeFiles/control.dir/all] Error 2
gmake: *** [Makefile:146: all] Error 2
