[0.023s] Invoking command in '/home/amir/AVIS/build/avis': CMAKE_PREFIX_PATH=${CMAKE_PREFIX_PATH}:/opt/ros/humble /usr/bin/cmake /home/amir/AVIS/src/avis -DCMAKE_INSTALL_PREFIX=/home/amir/AVIS/install/avis
[0.049s] -- Found ament_cmake: 1.3.11 (/opt/ros/humble/share/ament_cmake/cmake)
[0.321s] -- Override CMake install command with custom implementation using symlinks instead of copying resources
[0.338s] -- Found rclcpp: 16.0.12 (/opt/ros/humble/share/rclcpp/cmake)
[0.396s] -- Found rosidl_generator_c: 3.1.6 (/opt/ros/humble/share/rosidl_generator_c/cmake)
[0.401s] -- Found rosidl_adapter: 3.1.6 (/opt/ros/humble/share/rosidl_adapter/cmake)
[0.415s] -- Found rosidl_generator_cpp: 3.1.6 (/opt/ros/humble/share/rosidl_generator_cpp/cmake)
[0.435s] -- Using all available rosidl_typesupport_c: rosidl_typesupport_fastrtps_c;rosidl_typesupport_introspection_c
[0.460s] -- Using all available rosidl_typesupport_cpp: rosidl_typesupport_fastrtps_cpp;rosidl_typesupport_introspection_cpp
[0.540s] -- Found rmw_implementation_cmake: 6.1.2 (/opt/ros/humble/share/rmw_implementation_cmake/cmake)
[0.542s] -- Found rmw_fastrtps_cpp: 6.2.7 (/opt/ros/humble/share/rmw_fastrtps_cpp/cmake)
[0.771s] -- Using RMW implementation 'rmw_fastrtps_cpp' as default
[0.870s] -- Found rclpy: 3.3.16 (/opt/ros/humble/share/rclpy/cmake)
[1.194s] -- Configuring done
[1.211s] -- Generating done
[1.218s] -- Build files have been written to: /home/amir/AVIS/build/avis
[1.233s] Invoked command in '/home/amir/AVIS/build/avis' returned '0': CMAKE_PREFIX_PATH=${CMAKE_PREFIX_PATH}:/opt/ros/humble /usr/bin/cmake /home/amir/AVIS/src/avis -DCMAKE_INSTALL_PREFIX=/home/amir/AVIS/install/avis
[1.238s] Invoking command in '/home/amir/AVIS/build/avis': CMAKE_PREFIX_PATH=${CMAKE_PREFIX_PATH}:/opt/ros/humble /usr/bin/cmake --build /home/amir/AVIS/build/avis -- -j8 -l8
[1.309s] [35m[1mConsolidate compiler generated dependencies of target control[0m
[1.337s] [  0%] Built target ament_cmake_python_symlink_avis
[1.347s] [ 33%] [32mBuilding CXX object CMakeFiles/control.dir/src/control.cpp.o[0m
[1.942s] running egg_info
[1.943s] writing avis.egg-info/PKG-INFO
[1.944s] writing dependency_links to avis.egg-info/dependency_links.txt
[1.944s] writing top-level names to avis.egg-info/top_level.txt
[1.949s] reading manifest file 'avis.egg-info/SOURCES.txt'
[1.950s] writing manifest file 'avis.egg-info/SOURCES.txt'
[2.010s] [ 33%] Built target ament_cmake_python_build_avis_egg
[6.578s] [01m[K/home/amir/AVIS/src/avis/src/control.cpp:[m[K In constructor ‘[01m[KControlNode::ControlNode()[m[K’:
[6.579s] [01m[K/home/amir/AVIS/src/avis/src/control.cpp:13:47:[m[K [01;31m[Kerror: [m[Kno matching function for call to ‘[01m[KPID::PID()[m[K’
[6.579s]    13 |                     stan(0.8, 0.0, 0.0, 40, 20[01;31m[K)[m[K
[6.579s]       |                                               [01;31m[K^[m[K
[6.579s] In file included from [01m[K/home/amir/AVIS/src/avis/src/control.cpp:4[m[K:
[6.579s] [01m[K/home/amir/AVIS/src/avis/src/pid.cpp:3:1:[m[K [01;36m[Knote: [m[Kcandidate: ‘[01m[KPID::PID(const float&, const float&, const float&, const float&)[m[K’
[6.580s]     3 | [01;36m[KPID[m[K::PID(const float &kp, const float &ki, const float &kd, const float &constrain)
[6.580s]       | [01;36m[K^~~[m[K
[6.597s] [01m[K/home/amir/AVIS/src/avis/src/pid.cpp:3:1:[m[K [01;36m[Knote: [m[K  candidate expects 4 arguments, 0 provided
[6.597s] In file included from [01m[K/home/amir/AVIS/src/avis/src/pid.cpp:1[m[K,
[6.598s]                  from [01m[K/home/amir/AVIS/src/avis/src/control.cpp:4[m[K:
[6.598s] [01m[K/home/amir/AVIS/src/avis/src/pid.h:4:7:[m[K [01;36m[Knote: [m[Kcandidate: ‘[01m[Kconstexpr PID::PID(const PID&)[m[K’
[6.598s]     4 | class [01;36m[KPID[m[K
[6.598s]       |       [01;36m[K^~~[m[K
[6.598s] [01m[K/home/amir/AVIS/src/avis/src/pid.h:4:7:[m[K [01;36m[Knote: [m[K  candidate expects 1 argument, 0 provided
[6.599s] [01m[K/home/amir/AVIS/src/avis/src/pid.h:4:7:[m[K [01;36m[Knote: [m[Kcandidate: ‘[01m[Kconstexpr PID::PID(PID&&)[m[K’
[6.599s] [01m[K/home/amir/AVIS/src/avis/src/pid.h:4:7:[m[K [01;36m[Knote: [m[K  candidate expects 1 argument, 0 provided
[11.942s] gmake[2]: *** [CMakeFiles/control.dir/build.make:76: CMakeFiles/control.dir/src/control.cpp.o] Error 1
[11.942s] gmake[1]: *** [CMakeFiles/Makefile2:140: CMakeFiles/control.dir/all] Error 2
[11.943s] gmake: *** [Makefile:146: all] Error 2
[11.949s] Invoked command in '/home/amir/AVIS/build/avis' returned '2': CMAKE_PREFIX_PATH=${CMAKE_PREFIX_PATH}:/opt/ros/humble /usr/bin/cmake --build /home/amir/AVIS/build/avis -- -j8 -l8
