In file included from [01m[K/home/amir/AVIS/src/avis/src/stanley.cpp:3[m[K:
[01m[K/home/amir/AVIS/src/avis/src/stanley.h:16:5:[m[K [01;31m[Kerror: [m[K‘[01m[Kdeque[m[K’ does not name a type
   16 |     [01;31m[Kdeque[m[K<float> error_buffers = {0, 0, 0, 0, 0, 0, 0, 0};
      |     [01;31m[K^~~~~[m[K
[01m[K/home/amir/AVIS/src/avis/src/stanley.h:16:58:[m[K [01;35m[Kwarning: [m[Kextra ‘[01m[K;[m[K’ [[01;35m[K]8;;https://gcc.gnu.org/onlinedocs/gcc/Warning-Options.html#index-Wpedantic-Wpedantic]8;;[m[K]
   16 |     deque<float> error_buffers = {0, 0, 0, 0, 0, 0, 0, 0}[01;35m[K;[m[K
      |                                                          [01;35m[K^[m[K
      |                                                          [31m[K-[m[K
[01m[K/home/amir/AVIS/src/avis/src/stanley.cpp:[m[K In member function ‘[01m[Kvoid Stanley::change_handler(float&)[m[K’:
[01m[K/home/amir/AVIS/src/avis/src/stanley.cpp:51:20:[m[K [01;31m[Kerror: [m[K‘[01m[Kerror_buffers[m[K’ was not declared in this scope
   51 |             sum += [01;31m[Kerror_buffers[m[K[i];
      |                    [01;31m[K^~~~~~~~~~~~~[m[K
[01m[K/home/amir/AVIS/src/avis/src/stanley.cpp:55:5:[m[K [01;31m[Kerror: [m[K‘[01m[Kerror_buffers[m[K’ was not declared in this scope
   55 |     [01;31m[Kerror_buffers[m[K.pop_front();
      |     [01;31m[K^~~~~~~~~~~~~[m[K
gmake[2]: *** [CMakeFiles/control.dir/build.make:90: CMakeFiles/control.dir/src/stanley.cpp.o] Error 1
gmake[2]: *** Waiting for unfinished jobs....
In file included from [01m[K/home/amir/AVIS/src/avis/src/control.cpp:5[m[K:
[01m[K/home/amir/AVIS/src/avis/src/stanley.h:16:5:[m[K [01;31m[Kerror: [m[K‘[01m[Kdeque[m[K’ does not name a type
   16 |     [01;31m[Kdeque[m[K<float> error_buffers = {0, 0, 0, 0, 0, 0, 0, 0};
      |     [01;31m[K^~~~~[m[K
[01m[K/home/amir/AVIS/src/avis/src/stanley.h:16:58:[m[K [01;35m[Kwarning: [m[Kextra ‘[01m[K;[m[K’ [[01;35m[K]8;;https://gcc.gnu.org/onlinedocs/gcc/Warning-Options.html#index-Wpedantic-Wpedantic]8;;[m[K]
   16 |   deque<float> error_buffers = {0, 0, 0, 0, 0, 0, 0, 0}[01;35m[K;[m[K
      |                                                        [01;35m[K^[m[K
      |                                                        [31m[K-[m[K
gmake[2]: *** [CMakeFiles/control.dir/build.make:76: CMakeFiles/control.dir/src/control.cpp.o] Error 1
gmake[1]: *** [CMakeFiles/Makefile2:140: CMakeFiles/control.dir/all] Error 2
gmake: *** [Makefile:146: all] Error 2
