[0.059s] Invoking command in '/home/amir/AVIS/build/avis': CMAKE_PREFIX_PATH=${CMAKE_PREFIX_PATH}:/opt/ros/humble /usr/bin/cmake /home/amir/AVIS/src/avis -DAMENT_CMAKE_SYMLINK_INSTALL=1 -DCMAKE_INSTALL_PREFIX=/home/amir/AVIS/install/avis
[1.357s] -- The C compiler identification is GNU 11.4.0
[1.902s] -- The CXX compiler identification is GNU 11.4.0
[1.968s] -- Detecting C compiler ABI info
[2.195s] -- Detecting C compiler ABI info - done
[2.210s] -- Check for working C compiler: /usr/bin/cc - skipped
[2.211s] -- Detecting C compile features
[2.234s] -- Detecting C compile features - done
[2.241s] -- Detecting CXX compiler ABI info
[2.470s] -- Detecting CXX compiler ABI info - done
[2.490s] -- Check for working CXX compiler: /usr/bin/c++ - skipped
[2.490s] -- Detecting CXX compile features
[2.491s] -- Detecting CXX compile features - done
[2.585s] -- Found ament_cmake: 1.3.11 (/opt/ros/humble/share/ament_cmake/cmake)
[2.989s] -- Found Python3: /usr/bin/python3 (found version "3.10.12") found components: Interpreter 
[3.187s] -- Override CMake install command with custom implementation using symlinks instead of copying resources
[3.356s] -- Found rclcpp: 16.0.12 (/opt/ros/humble/share/rclcpp/cmake)
[3.657s] -- Found rosidl_generator_c: 3.1.6 (/opt/ros/humble/share/rosidl_generator_c/cmake)
[3.688s] -- Found rosidl_adapter: 3.1.6 (/opt/ros/humble/share/rosidl_adapter/cmake)
[3.726s] -- Found rosidl_generator_cpp: 3.1.6 (/opt/ros/humble/share/rosidl_generator_cpp/cmake)
[3.778s] -- Using all available rosidl_typesupport_c: rosidl_typesupport_fastrtps_c;rosidl_typesupport_introspection_c
[3.864s] -- Using all available rosidl_typesupport_cpp: rosidl_typesupport_fastrtps_cpp;rosidl_typesupport_introspection_cpp
[4.086s] -- Found rmw_implementation_cmake: 6.1.2 (/opt/ros/humble/share/rmw_implementation_cmake/cmake)
[4.095s] -- Found rmw_fastrtps_cpp: 6.2.7 (/opt/ros/humble/share/rmw_fastrtps_cpp/cmake)
[4.521s] -- Found OpenSSL: /usr/lib/x86_64-linux-gnu/libcrypto.so (found version "3.0.2")  
[4.600s] -- Found FastRTPS: /opt/ros/humble/include  
[4.700s] -- Using RMW implementation 'rmw_fastrtps_cpp' as default
[4.812s] -- Looking for pthread.h
[5.089s] -- Looking for pthread.h - found
[5.090s] -- Performing Test CMAKE_HAVE_LIBC_PTHREAD
[5.279s] -- Performing Test CMAKE_HAVE_LIBC_PTHREAD - Success
[5.281s] -- Found Threads: TRUE  
[5.563s] -- Found rclpy: 3.3.16 (/opt/ros/humble/share/rclpy/cmake)
[5.932s] -- Configuring done
[5.955s] -- Generating done
[5.965s] -- Build files have been written to: /home/amir/AVIS/build/avis
[5.985s] Invoked command in '/home/amir/AVIS/build/avis' returned '0': CMAKE_PREFIX_PATH=${CMAKE_PREFIX_PATH}:/opt/ros/humble /usr/bin/cmake /home/amir/AVIS/src/avis -DAMENT_CMAKE_SYMLINK_INSTALL=1 -DCMAKE_INSTALL_PREFIX=/home/amir/AVIS/install/avis
[5.992s] Invoking command in '/home/amir/AVIS/build/avis': CMAKE_PREFIX_PATH=${CMAKE_PREFIX_PATH}:/opt/ros/humble /usr/bin/cmake --build /home/amir/AVIS/build/avis -- -j8 -l8
[6.090s] [ 33%] [32mBuilding CXX object CMakeFiles/control.dir/src/control.cpp.o[0m
[6.094s] [ 66%] [32mBuilding CXX object CMakeFiles/control.dir/src/stanley.cpp.o[0m
[6.115s] [ 66%] Built target ament_cmake_python_symlink_avis
[7.016s] running egg_info
[7.018s] creating avis.egg-info
[7.019s] writing avis.egg-info/PKG-INFO
[7.019s] writing dependency_links to avis.egg-info/dependency_links.txt
[7.020s] writing top-level names to avis.egg-info/top_level.txt
[7.020s] writing manifest file 'avis.egg-info/SOURCES.txt'
[7.052s] reading manifest file 'avis.egg-info/SOURCES.txt'
[7.053s] writing manifest file 'avis.egg-info/SOURCES.txt'
[7.135s] [ 66%] Built target ament_cmake_python_build_avis_egg
[7.567s] In file included from [01m[K/home/amir/AVIS/src/avis/src/stanley.cpp:3[m[K:
[7.568s] [01m[K/home/amir/AVIS/src/avis/src/stanley.h:16:5:[m[K [01;31m[Kerror: [m[K‘[01m[Kdeque[m[K’ does not name a type
[7.568s]    16 |     [01;31m[Kdeque[m[K<float> error_buffers = {0, 0, 0, 0, 0, 0, 0, 0};
[7.568s]       |     [01;31m[K^~~~~[m[K
[7.588s] [01m[K/home/amir/AVIS/src/avis/src/stanley.h:16:58:[m[K [01;35m[Kwarning: [m[Kextra ‘[01m[K;[m[K’ [[01;35m[K]8;;https://gcc.gnu.org/onlinedocs/gcc/Warning-Options.html#index-Wpedantic-Wpedantic]8;;[m[K]
[7.588s]    16 |     deque<float> error_buffers = {0, 0, 0, 0, 0, 0, 0, 0}[01;35m[K;[m[K
[7.588s]       |                                                          [01;35m[K^[m[K
[7.589s]       |                                                          [31m[K-[m[K
[7.601s] [01m[K/home/amir/AVIS/src/avis/src/stanley.cpp:[m[K In member function ‘[01m[Kvoid Stanley::change_handler(float&)[m[K’:
[7.601s] [01m[K/home/amir/AVIS/src/avis/src/stanley.cpp:51:20:[m[K [01;31m[Kerror: [m[K‘[01m[Kerror_buffers[m[K’ was not declared in this scope
[7.601s]    51 |             sum += [01;31m[Kerror_buffers[m[K[i];
[7.602s]       |                    [01;31m[K^~~~~~~~~~~~~[m[K
[7.614s] [01m[K/home/amir/AVIS/src/avis/src/stanley.cpp:55:5:[m[K [01;31m[Kerror: [m[K‘[01m[Kerror_buffers[m[K’ was not declared in this scope
[7.614s]    55 |     [01;31m[Kerror_buffers[m[K.pop_front();
[7.614s]       |     [01;31m[K^~~~~~~~~~~~~[m[K
[7.813s] gmake[2]: *** [CMakeFiles/control.dir/build.make:90: CMakeFiles/control.dir/src/stanley.cpp.o] Error 1
[7.814s] gmake[2]: *** Waiting for unfinished jobs....
[13.171s] In file included from [01m[K/home/amir/AVIS/src/avis/src/control.cpp:5[m[K:
[13.171s] [01m[K/home/amir/AVIS/src/avis/src/stanley.h:16:5:[m[K [01;31m[Kerror: [m[K‘[01m[Kdeque[m[K’ does not name a type
[13.171s]    16 |     [01;31m[Kdeque[m[K<float> error_buffers = {0, 0, 0, 0, 0, 0, 0, 0};
[13.171s]       |     [01;31m[K^~~~~[m[K
[13.171s] [01m[K/home/amir/AVIS/src/avis/src/stanley.h:16:58:[m[K [01;35m[Kwarning: [m[Kextra ‘[01m[K;[m[K’ [[01;35m[K]8;;https://gcc.gnu.org/onlinedocs/gcc/Warning-Options.html#index-Wpedantic-Wpedantic]8;;[m[K]
[13.171s]    16 |   deque<float> error_buffers = {0, 0, 0, 0, 0, 0, 0, 0}[01;35m[K;[m[K
[13.171s]       |                                                        [01;35m[K^[m[K
[13.171s]       |                                                        [31m[K-[m[K
[19.540s] gmake[2]: *** [CMakeFiles/control.dir/build.make:76: CMakeFiles/control.dir/src/control.cpp.o] Error 1
[19.540s] gmake[1]: *** [CMakeFiles/Makefile2:140: CMakeFiles/control.dir/all] Error 2
[19.541s] gmake: *** [Makefile:146: all] Error 2
[19.546s] Invoked command in '/home/amir/AVIS/build/avis' returned '2': CMAKE_PREFIX_PATH=${CMAKE_PREFIX_PATH}:/opt/ros/humble /usr/bin/cmake --build /home/amir/AVIS/build/avis -- -j8 -l8
