[0.023s] Invoking command in '/home/amir/AVIS/build/avis': CMAKE_PREFIX_PATH=${CMAKE_PREFIX_PATH}:/opt/ros/humble /usr/bin/cmake --build /home/amir/AVIS/build/avis -- -j8 -l8
[0.103s] [35m[1mConsolidate compiler generated dependencies of target control[0m
[0.130s] [  0%] Built target ament_cmake_python_symlink_avis
[0.145s] [ 33%] [32mBuilding CXX object CMakeFiles/control.dir/src/control.cpp.o[0m
[0.783s] running egg_info
[0.785s] writing avis.egg-info/PKG-INFO
[0.785s] writing dependency_links to avis.egg-info/dependency_links.txt
[0.785s] writing top-level names to avis.egg-info/top_level.txt
[0.792s] reading manifest file 'avis.egg-info/SOURCES.txt'
[0.793s] writing manifest file 'avis.egg-info/SOURCES.txt'
[0.861s] [ 33%] Built target ament_cmake_python_build_avis_egg
[19.095s] [ 66%] [32m[1mLinking CXX executable control[0m
[20.015s] [100%] Built target control
[20.116s] Invoked command in '/home/amir/AVIS/build/avis' returned '0': CMAKE_PREFIX_PATH=${CMAKE_PREFIX_PATH}:/opt/ros/humble /usr/bin/cmake --build /home/amir/AVIS/build/avis -- -j8 -l8
[20.136s] Invoking command in '/home/amir/AVIS/build/avis': CMAKE_PREFIX_PATH=${CMAKE_PREFIX_PATH}:/opt/ros/humble /usr/bin/cmake --install /home/amir/AVIS/build/avis
[20.152s] -- Install configuration: ""
[20.152s] -- Execute custom install script
[20.153s] -- Up-to-date symlink: /home/amir/AVIS/install/avis/lib/avis/control
[20.153s] -- Up-to-date symlink: /home/amir/AVIS/install/avis/share/avis/environment/pythonpath.sh
[20.154s] -- Up-to-date symlink: /home/amir/AVIS/install/avis/share/avis/environment/pythonpath.dsv
[20.154s] -- Up-to-date symlink: /home/amir/AVIS/install/avis/local/lib/python3.10/dist-packages/avis-0.0.0-py3.10.egg-info/PKG-INFO
[20.154s] -- Up-to-date symlink: /home/amir/AVIS/install/avis/local/lib/python3.10/dist-packages/avis-0.0.0-py3.10.egg-info/SOURCES.txt
[20.155s] -- Up-to-date symlink: /home/amir/AVIS/install/avis/local/lib/python3.10/dist-packages/avis-0.0.0-py3.10.egg-info/dependency_links.txt
[20.155s] -- Up-to-date symlink: /home/amir/AVIS/install/avis/local/lib/python3.10/dist-packages/avis-0.0.0-py3.10.egg-info/top_level.txt
[20.155s] -- Up-to-date symlink: /home/amir/AVIS/install/avis/local/lib/python3.10/dist-packages/avis/__init__.py
[20.156s] -- Up-to-date symlink: /home/amir/AVIS/install/avis/local/lib/python3.10/dist-packages/avis/avisengine.py
[20.156s] -- Up-to-date symlink: /home/amir/AVIS/install/avis/local/lib/python3.10/dist-packages/avis/config.py
[20.156s] -- Up-to-date symlink: /home/amir/AVIS/install/avis/local/lib/python3.10/dist-packages/avis/utils.py
[20.156s] -- Up-to-date symlink: /home/amir/AVIS/install/avis/local/lib/python3.10/dist-packages/avis/yegane.py
[20.157s] -- Up-to-date symlink: /home/amir/AVIS/install/avis/lib/avis/line.py
[20.157s] -- Up-to-date symlink: /home/amir/AVIS/install/avis/lib/avis/simulator.py
[20.158s] -- Up-to-date symlink: /home/amir/AVIS/install/avis/share/avis//launch/avis-launch.py
[20.159s] -- Up-to-date symlink: /home/amir/AVIS/install/avis/share/ament_index/resource_index/package_run_dependencies/avis
[20.159s] -- Up-to-date symlink: /home/amir/AVIS/install/avis/share/ament_index/resource_index/parent_prefix_path/avis
[20.160s] -- Up-to-date symlink: /home/amir/AVIS/install/avis/share/avis/environment/ament_prefix_path.sh
[20.160s] -- Up-to-date symlink: /home/amir/AVIS/install/avis/share/avis/environment/ament_prefix_path.dsv
[20.160s] -- Up-to-date symlink: /home/amir/AVIS/install/avis/share/avis/environment/path.sh
[20.161s] -- Up-to-date symlink: /home/amir/AVIS/install/avis/share/avis/environment/path.dsv
[20.161s] -- Up-to-date symlink: /home/amir/AVIS/install/avis/share/avis/local_setup.bash
[20.162s] -- Up-to-date symlink: /home/amir/AVIS/install/avis/share/avis/local_setup.sh
[20.162s] -- Up-to-date symlink: /home/amir/AVIS/install/avis/share/avis/local_setup.zsh
[20.163s] -- Up-to-date symlink: /home/amir/AVIS/install/avis/share/avis/local_setup.dsv
[20.163s] -- Symlinking: /home/amir/AVIS/install/avis/share/avis/package.dsv
[20.180s] -- Up-to-date symlink: /home/amir/AVIS/install/avis/share/ament_index/resource_index/packages/avis
[20.181s] -- Up-to-date symlink: /home/amir/AVIS/install/avis/share/avis/cmake/avisConfig.cmake
[20.181s] -- Up-to-date symlink: /home/amir/AVIS/install/avis/share/avis/cmake/avisConfig-version.cmake
[20.181s] -- Up-to-date symlink: /home/amir/AVIS/install/avis/share/avis/package.xml
[20.246s] Listing '/home/amir/AVIS/install/avis/local/lib/python3.10/dist-packages/avis'...
[20.262s] Invoked command in '/home/amir/AVIS/build/avis' returned '0': CMAKE_PREFIX_PATH=${CMAKE_PREFIX_PATH}:/opt/ros/humble /usr/bin/cmake --install /home/amir/AVIS/build/avis
