[35m[1mConsolidate compiler generated dependencies of target control[0m
[  0%] Built target ament_cmake_python_symlink_avis
[ 33%] [32mBuilding CXX object CMakeFiles/control.dir/src/control.cpp.o[0m
[ 66%] [32mBuilding CXX object CMakeFiles/control.dir/src/stanley.cpp.o[0m
running egg_info
writing avis.egg-info/PKG-INFO
writing dependency_links to avis.egg-info/dependency_links.txt
writing top-level names to avis.egg-info/top_level.txt
reading manifest file 'avis.egg-info/SOURCES.txt'
writing manifest file 'avis.egg-info/SOURCES.txt'
[ 66%] Built target ament_cmake_python_build_avis_egg
[100%] [32m[1mLinking CXX executable control[0m
[100%] Built target control
-- Install configuration: ""
-- Execute custom install script
-- Symlinking: /home/amir/AVIS/install/avis/lib/avis/control
-- Symlinking: /home/amir/AVIS/install/avis/share/avis/environment/pythonpath.sh
-- Symlinking: /home/amir/AVIS/install/avis/share/avis/environment/pythonpath.dsv
-- Symlinking: /home/amir/AVIS/install/avis/local/lib/python3.10/dist-packages/avis-0.0.0-py3.10.egg-info/PKG-INFO
-- Symlinking: /home/amir/AVIS/install/avis/local/lib/python3.10/dist-packages/avis-0.0.0-py3.10.egg-info/SOURCES.txt
-- Symlinking: /home/amir/AVIS/install/avis/local/lib/python3.10/dist-packages/avis-0.0.0-py3.10.egg-info/dependency_links.txt
-- Symlinking: /home/amir/AVIS/install/avis/local/lib/python3.10/dist-packages/avis-0.0.0-py3.10.egg-info/top_level.txt
-- Symlinking: /home/amir/AVIS/install/avis/local/lib/python3.10/dist-packages/avis/__init__.py
-- Symlinking: /home/amir/AVIS/install/avis/local/lib/python3.10/dist-packages/avis/avisengine.py
-- Symlinking: /home/amir/AVIS/install/avis/local/lib/python3.10/dist-packages/avis/config.py
-- Symlinking: /home/amir/AVIS/install/avis/local/lib/python3.10/dist-packages/avis/utils.py
-- Symlinking: /home/amir/AVIS/install/avis/local/lib/python3.10/dist-packages/avis/yegane.py
-- Symlinking: /home/amir/AVIS/install/avis/lib/avis/line.py
-- Symlinking: /home/amir/AVIS/install/avis/lib/avis/simulator.py
-- Symlinking: /home/amir/AVIS/install/avis/share/avis//launch/avis-launch.py
-- Symlinking: /home/amir/AVIS/install/avis/share/ament_index/resource_index/package_run_dependencies/avis
-- Symlinking: /home/amir/AVIS/install/avis/share/ament_index/resource_index/parent_prefix_path/avis
-- Symlinking: /home/amir/AVIS/install/avis/share/avis/environment/ament_prefix_path.sh
-- Symlinking: /home/amir/AVIS/install/avis/share/avis/environment/ament_prefix_path.dsv
-- Symlinking: /home/amir/AVIS/install/avis/share/avis/environment/path.sh
-- Symlinking: /home/amir/AVIS/install/avis/share/avis/environment/path.dsv
-- Symlinking: /home/amir/AVIS/install/avis/share/avis/local_setup.bash
-- Symlinking: /home/amir/AVIS/install/avis/share/avis/local_setup.sh
-- Symlinking: /home/amir/AVIS/install/avis/share/avis/local_setup.zsh
-- Symlinking: /home/amir/AVIS/install/avis/share/avis/local_setup.dsv
-- Symlinking: /home/amir/AVIS/install/avis/share/avis/package.dsv
-- Symlinking: /home/amir/AVIS/install/avis/share/ament_index/resource_index/packages/avis
-- Symlinking: /home/amir/AVIS/install/avis/share/avis/cmake/avisConfig.cmake
-- Symlinking: /home/amir/AVIS/install/avis/share/avis/cmake/avisConfig-version.cmake
-- Symlinking: /home/amir/AVIS/install/avis/share/avis/package.xml
Listing '/home/amir/AVIS/install/avis/local/lib/python3.10/dist-packages/avis'...
Compiling '/home/amir/AVIS/install/avis/local/lib/python3.10/dist-packages/avis/__init__.py'...
Compiling '/home/amir/AVIS/install/avis/local/lib/python3.10/dist-packages/avis/avisengine.py'...
Compiling '/home/amir/AVIS/install/avis/local/lib/python3.10/dist-packages/avis/config.py'...
Compiling '/home/amir/AVIS/install/avis/local/lib/python3.10/dist-packages/avis/utils.py'...
Compiling '/home/amir/AVIS/install/avis/local/lib/python3.10/dist-packages/avis/yegane.py'...
