[0.036s] Invoking command in '/home/amir/AVIS/build/avis': CMAKE_PREFIX_PATH=${CMAKE_PREFIX_PATH}:/opt/ros/humble /usr/bin/cmake --build /home/amir/AVIS/build/avis -- -j8 -l8
[0.112s] [35m[1mConsolidate compiler generated dependencies of target control[0m
[0.146s] [  0%] Built target ament_cmake_python_symlink_avis
[0.150s] [ 33%] [32mBuilding CXX object CMakeFiles/control.dir/src/control.cpp.o[0m
[0.150s] [ 66%] [32mBuilding CXX object CMakeFiles/control.dir/src/stanley.cpp.o[0m
[0.836s] running egg_info
[0.838s] writing avis.egg-info/PKG-INFO
[0.839s] writing dependency_links to avis.egg-info/dependency_links.txt
[0.839s] writing top-level names to avis.egg-info/top_level.txt
[0.847s] reading manifest file 'avis.egg-info/SOURCES.txt'
[0.848s] writing manifest file 'avis.egg-info/SOURCES.txt'
[0.913s] [ 66%] Built target ament_cmake_python_build_avis_egg
[19.321s] [100%] [32m[1mLinking CXX executable control[0m
[20.389s] [100%] Built target control
[20.410s] Invoked command in '/home/amir/AVIS/build/avis' returned '0': CMAKE_PREFIX_PATH=${CMAKE_PREFIX_PATH}:/opt/ros/humble /usr/bin/cmake --build /home/amir/AVIS/build/avis -- -j8 -l8
[20.429s] Invoking command in '/home/amir/AVIS/build/avis': CMAKE_PREFIX_PATH=${CMAKE_PREFIX_PATH}:/opt/ros/humble /usr/bin/cmake --install /home/amir/AVIS/build/avis
[20.448s] -- Install configuration: ""
[20.449s] -- Execute custom install script
[20.450s] -- Symlinking: /home/amir/AVIS/install/avis/lib/avis/control
[20.465s] -- Symlinking: /home/amir/AVIS/install/avis/share/avis/environment/pythonpath.sh
[20.482s] -- Symlinking: /home/amir/AVIS/install/avis/share/avis/environment/pythonpath.dsv
[20.497s] -- Symlinking: /home/amir/AVIS/install/avis/local/lib/python3.10/dist-packages/avis-0.0.0-py3.10.egg-info/PKG-INFO
[20.517s] -- Symlinking: /home/amir/AVIS/install/avis/local/lib/python3.10/dist-packages/avis-0.0.0-py3.10.egg-info/SOURCES.txt
[20.532s] -- Symlinking: /home/amir/AVIS/install/avis/local/lib/python3.10/dist-packages/avis-0.0.0-py3.10.egg-info/dependency_links.txt
[20.553s] -- Symlinking: /home/amir/AVIS/install/avis/local/lib/python3.10/dist-packages/avis-0.0.0-py3.10.egg-info/top_level.txt
[20.569s] -- Symlinking: /home/amir/AVIS/install/avis/local/lib/python3.10/dist-packages/avis/__init__.py
[20.586s] -- Symlinking: /home/amir/AVIS/install/avis/local/lib/python3.10/dist-packages/avis/avisengine.py
[20.602s] -- Symlinking: /home/amir/AVIS/install/avis/local/lib/python3.10/dist-packages/avis/config.py
[20.618s] -- Symlinking: /home/amir/AVIS/install/avis/local/lib/python3.10/dist-packages/avis/utils.py
[20.636s] -- Symlinking: /home/amir/AVIS/install/avis/local/lib/python3.10/dist-packages/avis/yegane.py
[20.654s] -- Symlinking: /home/amir/AVIS/install/avis/lib/avis/line.py
[20.671s] -- Symlinking: /home/amir/AVIS/install/avis/lib/avis/simulator.py
[20.687s] -- Symlinking: /home/amir/AVIS/install/avis/share/avis//launch/avis-launch.py
[20.705s] -- Symlinking: /home/amir/AVIS/install/avis/share/ament_index/resource_index/package_run_dependencies/avis
[20.725s] -- Symlinking: /home/amir/AVIS/install/avis/share/ament_index/resource_index/parent_prefix_path/avis
[20.743s] -- Symlinking: /home/amir/AVIS/install/avis/share/avis/environment/ament_prefix_path.sh
[20.759s] -- Symlinking: /home/amir/AVIS/install/avis/share/avis/environment/ament_prefix_path.dsv
[20.777s] -- Symlinking: /home/amir/AVIS/install/avis/share/avis/environment/path.sh
[20.792s] -- Symlinking: /home/amir/AVIS/install/avis/share/avis/environment/path.dsv
[20.809s] -- Symlinking: /home/amir/AVIS/install/avis/share/avis/local_setup.bash
[20.825s] -- Symlinking: /home/amir/AVIS/install/avis/share/avis/local_setup.sh
[20.842s] -- Symlinking: /home/amir/AVIS/install/avis/share/avis/local_setup.zsh
[20.860s] -- Symlinking: /home/amir/AVIS/install/avis/share/avis/local_setup.dsv
[20.876s] -- Symlinking: /home/amir/AVIS/install/avis/share/avis/package.dsv
[20.890s] -- Symlinking: /home/amir/AVIS/install/avis/share/ament_index/resource_index/packages/avis
[20.908s] -- Symlinking: /home/amir/AVIS/install/avis/share/avis/cmake/avisConfig.cmake
[20.923s] -- Symlinking: /home/amir/AVIS/install/avis/share/avis/cmake/avisConfig-version.cmake
[20.940s] -- Symlinking: /home/amir/AVIS/install/avis/share/avis/package.xml
[21.076s] Listing '/home/amir/AVIS/install/avis/local/lib/python3.10/dist-packages/avis'...
[21.076s] Compiling '/home/amir/AVIS/install/avis/local/lib/python3.10/dist-packages/avis/__init__.py'...
[21.076s] Compiling '/home/amir/AVIS/install/avis/local/lib/python3.10/dist-packages/avis/avisengine.py'...
[21.076s] Compiling '/home/amir/AVIS/install/avis/local/lib/python3.10/dist-packages/avis/config.py'...
[21.077s] Compiling '/home/amir/AVIS/install/avis/local/lib/python3.10/dist-packages/avis/utils.py'...
[21.077s] Compiling '/home/amir/AVIS/install/avis/local/lib/python3.10/dist-packages/avis/yegane.py'...
[21.091s] Invoked command in '/home/amir/AVIS/build/avis' returned '0': CMAKE_PREFIX_PATH=${CMAKE_PREFIX_PATH}:/opt/ros/humble /usr/bin/cmake --install /home/amir/AVIS/build/avis
