[0.021s] Invoking command in '/home/amir/AVIS/build/avis': CMAKE_PREFIX_PATH=${CMAKE_PREFIX_PATH}:/opt/ros/humble /usr/bin/cmake --build /home/amir/AVIS/build/avis -- -j8 -l8
[0.107s] [35m[1mConsolidate compiler generated dependencies of target control[0m
[0.135s] [  0%] Built target ament_cmake_python_symlink_avis
[0.145s] [ 33%] [32mBuilding CXX object CMakeFiles/control.dir/src/control.cpp.o[0m
[0.765s] running egg_info
[0.767s] writing avis.egg-info/PKG-INFO
[0.767s] writing dependency_links to avis.egg-info/dependency_links.txt
[0.767s] writing top-level names to avis.egg-info/top_level.txt
[0.773s] reading manifest file 'avis.egg-info/SOURCES.txt'
[0.775s] writing manifest file 'avis.egg-info/SOURCES.txt'
[0.829s] [ 33%] Built target ament_cmake_python_build_avis_egg
[18.360s] [ 66%] [32m[1mLinking CXX executable control[0m
[19.263s] [100%] Built target control
[19.284s] Invoked command in '/home/amir/AVIS/build/avis' returned '0': CMAKE_PREFIX_PATH=${CMAKE_PREFIX_PATH}:/opt/ros/humble /usr/bin/cmake --build /home/amir/AVIS/build/avis -- -j8 -l8
[19.302s] Invoking command in '/home/amir/AVIS/build/avis': CMAKE_PREFIX_PATH=${CMAKE_PREFIX_PATH}:/opt/ros/humble /usr/bin/cmake --install /home/amir/AVIS/build/avis
[19.315s] -- Install configuration: ""
[19.316s] -- Execute custom install script
[19.316s] -- Up-to-date symlink: /home/amir/AVIS/install/avis/lib/avis/control
[19.316s] -- Up-to-date symlink: /home/amir/AVIS/install/avis/share/avis/environment/pythonpath.sh
[19.316s] -- Up-to-date symlink: /home/amir/AVIS/install/avis/share/avis/environment/pythonpath.dsv
[19.317s] -- Up-to-date symlink: /home/amir/AVIS/install/avis/local/lib/python3.10/dist-packages/avis-0.0.0-py3.10.egg-info/PKG-INFO
[19.317s] -- Up-to-date symlink: /home/amir/AVIS/install/avis/local/lib/python3.10/dist-packages/avis-0.0.0-py3.10.egg-info/SOURCES.txt
[19.317s] -- Up-to-date symlink: /home/amir/AVIS/install/avis/local/lib/python3.10/dist-packages/avis-0.0.0-py3.10.egg-info/dependency_links.txt
[19.318s] -- Up-to-date symlink: /home/amir/AVIS/install/avis/local/lib/python3.10/dist-packages/avis-0.0.0-py3.10.egg-info/top_level.txt
[19.318s] -- Up-to-date symlink: /home/amir/AVIS/install/avis/local/lib/python3.10/dist-packages/avis/__init__.py
[19.318s] -- Up-to-date symlink: /home/amir/AVIS/install/avis/local/lib/python3.10/dist-packages/avis/avisengine.py
[19.319s] -- Up-to-date symlink: /home/amir/AVIS/install/avis/local/lib/python3.10/dist-packages/avis/config.py
[19.319s] -- Up-to-date symlink: /home/amir/AVIS/install/avis/local/lib/python3.10/dist-packages/avis/utils.py
[19.319s] -- Up-to-date symlink: /home/amir/AVIS/install/avis/local/lib/python3.10/dist-packages/avis/yegane.py
[19.320s] -- Up-to-date symlink: /home/amir/AVIS/install/avis/lib/avis/line.py
[19.320s] -- Up-to-date symlink: /home/amir/AVIS/install/avis/lib/avis/simulator.py
[19.320s] -- Up-to-date symlink: /home/amir/AVIS/install/avis/share/avis//launch/avis-launch.py
[19.321s] -- Up-to-date symlink: /home/amir/AVIS/install/avis/share/ament_index/resource_index/package_run_dependencies/avis
[19.321s] -- Up-to-date symlink: /home/amir/AVIS/install/avis/share/ament_index/resource_index/parent_prefix_path/avis
[19.322s] -- Up-to-date symlink: /home/amir/AVIS/install/avis/share/avis/environment/ament_prefix_path.sh
[19.322s] -- Up-to-date symlink: /home/amir/AVIS/install/avis/share/avis/environment/ament_prefix_path.dsv
[19.323s] -- Up-to-date symlink: /home/amir/AVIS/install/avis/share/avis/environment/path.sh
[19.323s] -- Up-to-date symlink: /home/amir/AVIS/install/avis/share/avis/environment/path.dsv
[19.324s] -- Up-to-date symlink: /home/amir/AVIS/install/avis/share/avis/local_setup.bash
[19.324s] -- Up-to-date symlink: /home/amir/AVIS/install/avis/share/avis/local_setup.sh
[19.324s] -- Up-to-date symlink: /home/amir/AVIS/install/avis/share/avis/local_setup.zsh
[19.325s] -- Up-to-date symlink: /home/amir/AVIS/install/avis/share/avis/local_setup.dsv
[19.325s] -- Symlinking: /home/amir/AVIS/install/avis/share/avis/package.dsv
[19.342s] -- Up-to-date symlink: /home/amir/AVIS/install/avis/share/ament_index/resource_index/packages/avis
[19.343s] -- Up-to-date symlink: /home/amir/AVIS/install/avis/share/avis/cmake/avisConfig.cmake
[19.343s] -- Up-to-date symlink: /home/amir/AVIS/install/avis/share/avis/cmake/avisConfig-version.cmake
[19.343s] -- Up-to-date symlink: /home/amir/AVIS/install/avis/share/avis/package.xml
[19.405s] Listing '/home/amir/AVIS/install/avis/local/lib/python3.10/dist-packages/avis'...
[19.416s] Invoked command in '/home/amir/AVIS/build/avis' returned '0': CMAKE_PREFIX_PATH=${CMAKE_PREFIX_PATH}:/opt/ros/humble /usr/bin/cmake --install /home/amir/AVIS/build/avis
